Archive member included to satisfy reference by file (symbol)

/home/esqflowne/stmide/plugins/com.st.stm32cube.ide.mcu.externaltools.gnu-tools-for-stm32.12.3.rel1.linux64_1.1.0.202410170702/tools/bin/../lib/gcc/arm-none-eabi/12.3.1/../../../../arm-none-eabi/lib/thumb/v7e-m+fp/hard/libc_nano.a(libc_a-exit.o)
                              /home/esqflowne/stmide/plugins/com.st.stm32cube.ide.mcu.externaltools.gnu-tools-for-stm32.12.3.rel1.linux64_1.1.0.202410170702/tools/bin/../lib/gcc/arm-none-eabi/12.3.1/../../../../arm-none-eabi/lib/thumb/v7e-m+fp/hard/crt0.o (exit)
/home/esqflowne/stmide/plugins/com.st.stm32cube.ide.mcu.externaltools.gnu-tools-for-stm32.12.3.rel1.linux64_1.1.0.202410170702/tools/bin/../lib/gcc/arm-none-eabi/12.3.1/../../../../arm-none-eabi/lib/thumb/v7e-m+fp/hard/libc_nano.a(libc_a-findfp.o)
                              /home/esqflowne/stmide/plugins/com.st.stm32cube.ide.mcu.externaltools.gnu-tools-for-stm32.12.3.rel1.linux64_1.1.0.202410170702/tools/bin/../lib/gcc/arm-none-eabi/12.3.1/../../../../arm-none-eabi/lib/thumb/v7e-m+fp/hard/libc_nano.a(libc_a-exit.o) (__stdio_exit_handler)
/home/esqflowne/stmide/plugins/com.st.stm32cube.ide.mcu.externaltools.gnu-tools-for-stm32.12.3.rel1.linux64_1.1.0.202410170702/tools/bin/../lib/gcc/arm-none-eabi/12.3.1/../../../../arm-none-eabi/lib/thumb/v7e-m+fp/hard/libc_nano.a(libc_a-fwalk.o)
                              /home/esqflowne/stmide/plugins/com.st.stm32cube.ide.mcu.externaltools.gnu-tools-for-stm32.12.3.rel1.linux64_1.1.0.202410170702/tools/bin/../lib/gcc/arm-none-eabi/12.3.1/../../../../arm-none-eabi/lib/thumb/v7e-m+fp/hard/libc_nano.a(libc_a-findfp.o) (_fwalk_sglue)
/home/esqflowne/stmide/plugins/com.st.stm32cube.ide.mcu.externaltools.gnu-tools-for-stm32.12.3.rel1.linux64_1.1.0.202410170702/tools/bin/../lib/gcc/arm-none-eabi/12.3.1/../../../../arm-none-eabi/lib/thumb/v7e-m+fp/hard/libc_nano.a(libc_a-puts.o)
                              ./Core/Src/main.o (puts)
/home/esqflowne/stmide/plugins/com.st.stm32cube.ide.mcu.externaltools.gnu-tools-for-stm32.12.3.rel1.linux64_1.1.0.202410170702/tools/bin/../lib/gcc/arm-none-eabi/12.3.1/../../../../arm-none-eabi/lib/thumb/v7e-m+fp/hard/libc_nano.a(libc_a-stdio.o)
                              /home/esqflowne/stmide/plugins/com.st.stm32cube.ide.mcu.externaltools.gnu-tools-for-stm32.12.3.rel1.linux64_1.1.0.202410170702/tools/bin/../lib/gcc/arm-none-eabi/12.3.1/../../../../arm-none-eabi/lib/thumb/v7e-m+fp/hard/libc_nano.a(libc_a-findfp.o) (__sread)
/home/esqflowne/stmide/plugins/com.st.stm32cube.ide.mcu.externaltools.gnu-tools-for-stm32.12.3.rel1.linux64_1.1.0.202410170702/tools/bin/../lib/gcc/arm-none-eabi/12.3.1/../../../../arm-none-eabi/lib/thumb/v7e-m+fp/hard/libc_nano.a(libc_a-wbuf.o)
                              /home/esqflowne/stmide/plugins/com.st.stm32cube.ide.mcu.externaltools.gnu-tools-for-stm32.12.3.rel1.linux64_1.1.0.202410170702/tools/bin/../lib/gcc/arm-none-eabi/12.3.1/../../../../arm-none-eabi/lib/thumb/v7e-m+fp/hard/libc_nano.a(libc_a-puts.o) (__swbuf_r)
/home/esqflowne/stmide/plugins/com.st.stm32cube.ide.mcu.externaltools.gnu-tools-for-stm32.12.3.rel1.linux64_1.1.0.202410170702/tools/bin/../lib/gcc/arm-none-eabi/12.3.1/../../../../arm-none-eabi/lib/thumb/v7e-m+fp/hard/libc_nano.a(libc_a-wsetup.o)
                              /home/esqflowne/stmide/plugins/com.st.stm32cube.ide.mcu.externaltools.gnu-tools-for-stm32.12.3.rel1.linux64_1.1.0.202410170702/tools/bin/../lib/gcc/arm-none-eabi/12.3.1/../../../../arm-none-eabi/lib/thumb/v7e-m+fp/hard/libc_nano.a(libc_a-puts.o) (__swsetup_r)
/home/esqflowne/stmide/plugins/com.st.stm32cube.ide.mcu.externaltools.gnu-tools-for-stm32.12.3.rel1.linux64_1.1.0.202410170702/tools/bin/../lib/gcc/arm-none-eabi/12.3.1/../../../../arm-none-eabi/lib/thumb/v7e-m+fp/hard/libc_nano.a(libc_a-memset.o)
                              /home/esqflowne/stmide/plugins/com.st.stm32cube.ide.mcu.externaltools.gnu-tools-for-stm32.12.3.rel1.linux64_1.1.0.202410170702/tools/bin/../lib/gcc/arm-none-eabi/12.3.1/../../../../arm-none-eabi/lib/thumb/v7e-m+fp/hard/crt0.o (memset)
/home/esqflowne/stmide/plugins/com.st.stm32cube.ide.mcu.externaltools.gnu-tools-for-stm32.12.3.rel1.linux64_1.1.0.202410170702/tools/bin/../lib/gcc/arm-none-eabi/12.3.1/../../../../arm-none-eabi/lib/thumb/v7e-m+fp/hard/libc_nano.a(libc_a-closer.o)
                              /home/esqflowne/stmide/plugins/com.st.stm32cube.ide.mcu.externaltools.gnu-tools-for-stm32.12.3.rel1.linux64_1.1.0.202410170702/tools/bin/../lib/gcc/arm-none-eabi/12.3.1/../../../../arm-none-eabi/lib/thumb/v7e-m+fp/hard/libc_nano.a(libc_a-stdio.o) (_close_r)
/home/esqflowne/stmide/plugins/com.st.stm32cube.ide.mcu.externaltools.gnu-tools-for-stm32.12.3.rel1.linux64_1.1.0.202410170702/tools/bin/../lib/gcc/arm-none-eabi/12.3.1/../../../../arm-none-eabi/lib/thumb/v7e-m+fp/hard/libc_nano.a(libc_a-reent.o)
[...]
Memory Configuration

Name             Origin             Length             Attributes
RAM              0x20000000         0x00018000         xrw
FLASH            0x08000000         0x00080000         xr
*default*        0x00000000         0xffffffff

Linker script and memory map

LOAD /home/esqflowne/stmide/plugins/com.st.stm32cube.ide.mcu.externaltools.gnu-tools-for-stm32.12.3.rel1.linux64_1.1.0.202410170702/tools/bin/../lib/gcc/arm-none-eabi/12.3.1/thumb/v7e-m+fp/hard/crti.o
LOAD /home/esqflowne/stmide/plugins/com.st.stm32cube.ide.mcu.externaltools.gnu-tools-for-stm32.12.3.rel1.linux64_1.1.0.202410170702/tools/bin/../lib/gcc/arm-none-eabi/12.3.1/thumb/v7e-m+fp/hard/crtbegin.o
LOAD /home/esqflowne/stmide/plugins/com.st.stm32cube.ide.mcu.externaltools.gnu-tools-for-stm32.12.3.rel1.linux64_1.1.0.202410170702/tools/bin/../lib/gcc/arm-none-eabi/12.3.1/../../../../arm-none-eabi/lib/thumb/v7e-m+fp/hard/crt0.o
LOAD ./Core/Src/game.o
LOAD ./Core/Src/main.o
LOAD ./Core/Src/render.o
LOAD ./Core/Src/stm32f4xx_hal_msp.o
LOAD ./Core/Src/stm32f4xx_it.o
LOAD ./Core/Src/syscalls.o
LOAD ./Core/Src/sysmem.o
LOAD ./Core/Src/system_stm32f4xx.o
LOAD ./Core/Startup/startup_stm32f401retx.o
LOAD ./Core/sprites/sprites.o
LOAD ./Drivers/OLED/ssd1306.o
LOAD ./Drivers/OLED/ssd1306_fonts.o
LOAD ./Drivers/STM32F4xx_HAL_Driver/Src/stm32f4xx_hal.o
LOAD ./Drivers/STM32F4xx_HAL_Driver/Src/stm32f4xx_hal_cortex.o
LOAD ./Drivers/STM32F4xx_HAL_Driver/Src/stm32f4xx_hal_dma.o
LOAD ./Drivers/STM32F4xx_HAL_Driver/Src/stm32f4xx_hal_dma_ex.o
LOAD ./Drivers/STM32F4xx_HAL_Driver/Src/stm32f4xx_hal_exti.o
LOAD ./Drivers/STM32F4xx_HAL_Driver/Src/stm32f4xx_hal_flash.o
LOAD ./Drivers/STM32F4xx_HAL_Driver/Src/stm32f4xx_hal_flash_ex.o
LOAD ./Drivers/STM32F4xx_HAL_Driver/Src/stm32f4xx_hal_flash_ramfunc.o
LOAD ./Drivers/STM32F4xx_HAL_Driver/Src/stm32f4xx_hal_gpio.o
LOAD ./Drivers/STM32F4xx_HAL_Driver/Src/stm32f4xx_hal_i2c.o
LOAD ./Drivers/STM32F4xx_HAL_Driver/Src/stm32f4xx_hal_i2c_ex.o
LOAD ./Drivers/STM32F4xx_HAL_Driver/Src/stm32f4xx_hal_pwr.o
LOAD ./Drivers/STM32F4xx_HAL_Driver/Src/stm32f4xx_hal_pwr_ex.o
LOAD ./Drivers/STM32F4xx_HAL_Driver/Src/stm32f4xx_hal_rcc.o
LOAD ./Drivers/STM32F4xx_HAL_Driver/Src/stm32f4xx_hal_rcc_ex.o
LOAD ./Drivers/STM32F4xx_HAL_Driver/Src/stm32f4xx_hal_uart.o
START GROUP
LOAD /home/esqflowne/stmide/plugins/com.st.stm32cube.ide.mcu.externaltools.gnu-tools-for-stm32.12.3.rel1.linux64_1.1.0.202410170702/tools/bin/../lib/gcc/arm-none-eabi/12.3.1/../../../../arm-none-eabi/lib/thumb/v7e-m+fp/hard/libc_nano.a
LOAD /home/esqflowne/stmide/plugins/com.st.stm32cube.ide.mcu.externaltools.gnu-tools-for-stm32.12.3.rel1.linux64_1.1.0.202410170702/tools/bin/../lib/gcc/arm-none-eabi/12.3.1/../../../../arm-none-eabi/lib/thumb/v7e-m+fp/hard/libm.a
END GROUP
START GROUP
LOAD /home/esqflowne/stmide/plugins/com.st.stm32cube.ide.mcu.externaltools.gnu-tools-for-stm32.12.3.rel1.linux64_1.1.0.202410170702/tools/bin/../lib/gcc/arm-none-eabi/12.3.1/thumb/v7e-m+fp/hard/libgcc.a
LOAD /home/esqflowne/stmide/plugins/com.st.stm32cube.ide.mcu.externaltools.gnu-tools-for-stm32.12.3.rel1.linux64_1.1.0.202410170702/tools/bin/../lib/gcc/arm-none-eabi/12.3.1/../../../../arm-none-eabi/lib/thumb/v7e-m+fp/hard/libc_nano.a
END GROUP
START GROUP
LOAD /home/esqflowne/stmide/plugins/com.st.stm32cube.ide.mcu.externaltools.gnu-tools-for-stm32.12.3.rel1.linux64_1.1.0.202410170702/tools/bin/../lib/gcc/arm-none-eabi/12.3.1/thumb/v7e-m+fp/hard/libgcc.a
LOAD /home/esqflowne/stmide/plugins/com.st.stm32cube.ide.mcu.externaltools.gnu-tools-for-stm32.12.3.rel1.linux64_1.1.0.202410170702/tools/bin/../lib/gcc/arm-none-eabi/12.3.1/../../../../arm-none-eabi/lib/thumb/v7e-m+fp/hard/libc_nano.a
LOAD /home/esqflowne/stmide/plugins/com.st.stm32cube.ide.mcu.externaltools.gnu-tools-for-stm32.12.3.rel1.linux64_1.1.0.202410170702/tools/bin/../lib/gcc/arm-none-eabi/12.3.1/../../../../arm-none-eabi/lib/thumb/v7e-m+fp/hard/libnosys.a
END GROUP
START GROUP
LOAD /home/esqflowne/stmide/plugins/com.st.stm32cube.ide.mcu.externaltools.gnu-tools-for-stm32.12.3.rel1.linux64_1.1.0.202410170702/tools/bin/../lib/gcc/arm-none-eabi/12.3.1/thumb/v7e-m+fp/hard/libgcc.a
LOAD /home/esqflowne/stmide/plugins/com.st.stm32cube.ide.mcu.externaltools.gnu-tools-for-stm32.12.3.rel1.linux64_1.1.0.202410170702/tools/bin/../lib/gcc/arm-none-eabi/12.3.1/../../../../arm-none-eabi/lib/thumb/v7e-m+fp/hard/libc_nano.a
LOAD /home/esqflowne/stmide/plugins/com.st.stm32cube.ide.mcu.externaltools.gnu-tools-for-stm32.12.3.rel1.linux64_1.1.0.202410170702/tools/bin/../lib/gcc/arm-none-eabi/12.3.1/../../../../arm-none-eabi/lib/thumb/v7e-m+fp/hard/libnosys.a
END GROUP
LOAD /home/esqflowne/stmide/plugins/com.st.stm32cube.ide.mcu.externaltools.gnu-tools-for-stm32.12.3.rel1.linux64_1.1.0.202410170702/tools/bin/../lib/gcc/arm-none-eabi/12.3.1/thumb/v7e-m+fp/hard/crtend.o
LOAD /home/esqflowne/stmide/plugins/com.st.stm32cube.ide.mcu.externaltools.gnu-tools-for-stm32.12.3.rel1.linux64_1.1.0.202410170702/tools/bin/../lib/gcc/arm-none-eabi/12.3.1/thumb/v7e-m+fp/hard/crtn.o
                0x20018000                        _estack = (ORIGIN (RAM) + LENGTH (RAM))
                0x00000200                        _Min_Heap_Size = 0x200
                0x00000400                        _Min_Stack_Size = 0x400

.isr_vector     0x08000000      0x194
                0x08000000                        . = ALIGN (0x4)
 *(.isr_vector)
 .isr_vector    0x08000000      0x194 ./Core/Startup/startup_stm32f401retx.o
                0x08000000                g_pfnVectors
                0x08000194                        . = ALIGN (0x4)

.text           0x08000194     0x3ab0
                0x08000194                        . = ALIGN (0x4)
 *(.text)
 .text          0x08000194       0x40 /home/esqflowne/stmide/plugins/com.st.stm32cube.ide.mcu.externaltools.gnu-tools-for-stm32.12.3.rel1.linux64_1.1.0.202410170702/tools/bin/../lib/gcc/arm-none-eabi/12.3.1/thumb/v7e-m+fp/hard/crtbegin.o
 .text          0x080001d4       0x30 /home/esqflowne/stmide/plugins/com.st.stm32cube.ide.mcu.externaltools.gnu-tools-for-stm32.12.3.rel1.linux64_1.1.0.202410170702/tools/bin/../lib/gcc/arm-none-eabi/12.3.1/thumb/v7e-m+fp/hard/libgcc.a(_aeabi_uldivmod.o)
                0x080001d4                __aeabi_uldivmod
 .text          0x08000204      0x2bc /home/esqflowne/stmide/plugins/com.st.stm32cube.ide.mcu.externaltools.gnu-tools-for-stm32.12.3.rel1.linux64_1.1.0.202410170702/tools/bin/../lib/gcc/arm-none-eabi/12.3.1/thumb/v7e-m+fp/hard/libgcc.a(_udivmoddi4.o)
                0x08000204                __udivmoddi4
 .text          0x080004c0        0x4 /home/esqflowne/stmide/plugins/com.st.stm32cube.ide.mcu.externaltools.gnu-tools-for-stm32.12.3.rel1.linux64_1.1.0.202410170702/tools/bin/../lib/gcc/arm-none-eabi/12.3.1/thumb/v7e-m+fp/hard/libgcc.a(_dvmd_tls.o)
                0x080004c0                __aeabi_ldiv0
                0x080004c0                __aeabi_idiv0
 *(.text*)
 .text.hurt     0x080004c4       0x34 ./Core/Src/game.o
 .text.bore     0x080004f8       0x34 ./Core/Src/game.o
 .text.starve   0x0800052c       0x34 ./Core/Src/game.o
 .text.heal     0x08000560       0x36 ./Core/Src/game.o
 .text.eat      0x08000596       0x36 ./Core/Src/game.o
 .text.play     0x080005cc       0x36 ./Core/Src/game.o
 *fill*         0x08000602        0x2 
 .text.checkMood
                0x08000604       0x68 ./Core/Src/game.o
 .text.switchAction
                0x0800066c       0x2a ./Core/Src/game.o
                0x0800066c                switchAction
 .text.resolveHunger
                0x08000696       0x2a ./Core/Src/game.o
                0x08000696                resolveHunger
 .text.resolveHealth
                0x080006c0       0x2a ./Core/Src/game.o
                0x080006c0                resolveHealth
 .text.resolveHappiness
                0x080006ea       0x2a ./Core/Src/game.o
                0x080006ea                resolveHappiness
 .text.game_init
                0x08000714       0x64 ./Core/Src/game.o
                0x08000714                game_init
 .text.main     0x08000778       0xd8 ./Core/Src/main.o
                0x08000778                main
 .text.SystemClock_Config
                0x08000850       0xd8 ./Core/Src/main.o
                0x08000850                SystemClock_Config
 .text.MX_I2C1_Init
                0x08000928       0x5c ./Core/Src/main.o
 .text.MX_USART2_UART_Init
                0x08000984       0x54 ./Core/Src/main.o
 .text.MX_GPIO_Init
                0x080009d8       0xf8 ./Core/Src/main.o
 .text.Error_Handler
                0x08000ad0        0xc ./Core/Src/main.o
                0x08000ad0                Error_Handler
 .text.displayHealth
                0x08000adc       0x3c ./Core/Src/render.o
                0x08000adc                displayHealth
 .text.displayHunger
                0x08000b18       0x3c ./Core/Src/render.o
                0x08000b18                displayHunger
 .text.displayHappiness
                0x08000b54       0x3c ./Core/Src/render.o
                0x08000b54                displayHappiness
 .text.displaySprite
                0x08000b90       0xa0 ./Core/Src/render.o
                0x08000b90                displaySprite
 .text.displayScreen
                0x08000c30       0x32 ./Core/Src/render.o
                0x08000c30                displayScreen
 *fill*         0x08000c62        0x2 
 .text.render_init
                0x08000c64       0x4c ./Core/Src/render.o
                0x08000c64                render_init
 .text.HAL_MspInit
                0x08000cb0       0x50 ./Core/Src/stm32f4xx_hal_msp.o
                0x08000cb0                HAL_MspInit
 .text.HAL_I2C_MspInit
                0x08000d00       0x90 ./Core/Src/stm32f4xx_hal_msp.o
                0x08000d00                HAL_I2C_MspInit
 .text.HAL_UART_MspInit
                0x08000d90       0x90 ./Core/Src/stm32f4xx_hal_msp.o
                0x08000d90                HAL_UART_MspInit
 .text.NMI_Handler
                0x08000e20        0x8 ./Core/Src/stm32f4xx_it.o
                0x08000e20                NMI_Handler
 .text.HardFault_Handler
                0x08000e28        0x8 ./Core/Src/stm32f4xx_it.o
                0x08000e28                HardFault_Handler
 .text.MemManage_Handler
                0x08000e30        0x8 ./Core/Src/stm32f4xx_it.o
                0x08000e30                MemManage_Handler
 .text.BusFault_Handler
                0x08000e38        0x8 ./Core/Src/stm32f4xx_it.o
                0x08000e38                BusFault_Handler
 .text.UsageFault_Handler
                0x08000e40        0x8 ./Core/Src/stm32f4xx_it.o
                0x08000e40                UsageFault_Handler
 .text.SVC_Handler
                0x08000e48        0xe ./Core/Src/stm32f4xx_it.o
                0x08000e48                SVC_Handler
 .text.DebugMon_Handler
                0x08000e56        0xe ./Core/Src/stm32f4xx_it.o
                0x08000e56                DebugMon_Handler
 .text.PendSV_Handler
                0x08000e64        0xe ./Core/Src/stm32f4xx_it.o
                0x08000e64                PendSV_Handler
 .text.SysTick_Handler
                0x08000e72        0xc ./Core/Src/stm32f4xx_it.o
                0x08000e72                SysTick_Handler
 .text._read    0x08000e7e       0x3a ./Core/Src/syscalls.o
                0x08000e7e                _read
 .text._write   0x08000eb8       0x38 ./Core/Src/syscalls.o
                0x08000eb8                _write
 .text._close   0x08000ef0       0x18 ./Core/Src/syscalls.o
                0x08000ef0                _close
 .text._fstat   0x08000f08       0x20 ./Core/Src/syscalls.o
                0x08000f08                _fstat
 .text._isatty  0x08000f28       0x16 ./Core/Src/syscalls.o
                0x08000f28                _isatty
 .text._lseek   0x08000f3e       0x1a ./Core/Src/syscalls.o
                0x08000f3e                _lseek
 .text._sbrk    0x08000f58       0x6c ./Core/Src/sysmem.o
                0x08000f58                _sbrk
 .text.SystemInit
                0x08000fc4       0x24 ./Core/Src/system_stm32f4xx.o
                0x08000fc4                SystemInit
 .text.Reset_Handler
                0x08000fe8       0x50 ./Core/Startup/startup_stm32f401retx.o
                0x08000fe8                Reset_Handler
 .text.Default_Handler
                0x08001038        0x2 ./Core/Startup/startup_stm32f401retx.o
                0x08001038                RTC_Alarm_IRQHandler
                0x08001038                EXTI2_IRQHandler
                0x08001038                SPI4_IRQHandler
                0x08001038                TIM1_CC_IRQHandler
                0x08001038                DMA2_Stream5_IRQHandler
                0x08001038                DMA1_Stream5_IRQHandler
                0x08001038                PVD_IRQHandler
                0x08001038                SDIO_IRQHandler
                0x08001038                TAMP_STAMP_IRQHandler
                0x08001038                EXTI3_IRQHandler
                0x08001038                TIM1_UP_TIM10_IRQHandler
                0x08001038                I2C3_ER_IRQHandler
                0x08001038                EXTI0_IRQHandler
                0x08001038                I2C2_EV_IRQHandler
                0x08001038                DMA1_Stream2_IRQHandler
                0x08001038                FPU_IRQHandler
                0x08001038                DMA2_Stream2_IRQHandler
                0x08001038                SPI1_IRQHandler
                0x08001038                TIM1_BRK_TIM9_IRQHandler
                0x08001038                DMA2_Stream3_IRQHandler
                0x08001038                USART6_IRQHandler
                0x08001038                DMA2_Stream0_IRQHandler
                0x08001038                TIM4_IRQHandler
                0x08001038                I2C1_EV_IRQHandler
                0x08001038                DMA1_Stream6_IRQHandler
                0x08001038                DMA1_Stream1_IRQHandler
                0x08001038                TIM3_IRQHandler
                0x08001038                RCC_IRQHandler
                0x08001038                Default_Handler
                0x08001038                EXTI15_10_IRQHandler
                0x08001038                ADC_IRQHandler
                0x08001038                DMA1_Stream7_IRQHandler
                0x08001038                TIM5_IRQHandler
                0x08001038                DMA2_Stream7_IRQHandler
                0x08001038                I2C3_EV_IRQHandler
                0x08001038                EXTI9_5_IRQHandler
                0x08001038                RTC_WKUP_IRQHandler
                0x08001038                SPI2_IRQHandler
                0x08001038                DMA1_Stream0_IRQHandler
                0x08001038                EXTI4_IRQHandler
                0x08001038                WWDG_IRQHandler
                0x08001038                TIM2_IRQHandler
                0x08001038                OTG_FS_WKUP_IRQHandler
                0x08001038                TIM1_TRG_COM_TIM11_IRQHandler
                0x08001038                EXTI1_IRQHandler
                0x08001038                USART2_IRQHandler
                0x08001038                I2C2_ER_IRQHandler
                0x08001038                DMA2_Stream1_IRQHandler
                0x08001038                FLASH_IRQHandler
                0x08001038                DMA2_Stream4_IRQHandler
                0x08001038                USART1_IRQHandler
                0x08001038                OTG_FS_IRQHandler
                0x08001038                SPI3_IRQHandler
                0x08001038                DMA1_Stream4_IRQHandler
                0x08001038                I2C1_ER_IRQHandler
                0x08001038                DMA2_Stream6_IRQHandler
                0x08001038                DMA1_Stream3_IRQHandler
 .text.ssd1306_Reset
                0x0800103a        0xe ./Drivers/OLED/ssd1306.o
                0x0800103a                ssd1306_Reset
 .text.ssd1306_WriteCommand
                0x08001048       0x30 ./Drivers/OLED/ssd1306.o
                0x08001048                ssd1306_WriteCommand
 .text.ssd1306_WriteData
                0x08001078       0x34 ./Drivers/OLED/ssd1306.o
                0x08001078                ssd1306_WriteData
 .text.ssd1306_Init
                0x080010ac       0xd4 ./Drivers/OLED/ssd1306.o
                0x080010ac                ssd1306_Init
 .text.ssd1306_Fill
                0x08001180       0x30 ./Drivers/OLED/ssd1306.o
                0x08001180                ssd1306_Fill
 .text.ssd1306_UpdateScreen
                0x080011b0       0x50 ./Drivers/OLED/ssd1306.o
                0x080011b0                ssd1306_UpdateScreen
 .text.ssd1306_DrawPixel
                0x08001200       0xa8 ./Drivers/OLED/ssd1306.o
                0x08001200                ssd1306_DrawPixel
 .text.ssd1306_FillRectangle
                0x080012a8       0x9c ./Drivers/OLED/ssd1306.o
                0x080012a8                ssd1306_FillRectangle
 .text.ssd1306_DrawBitmap
                0x08001344       0xb6 ./Drivers/OLED/ssd1306.o
                0x08001344                ssd1306_DrawBitmap
 .text.ssd1306_SetContrast
                0x080013fa       0x26 ./Drivers/OLED/ssd1306.o
                0x080013fa                ssd1306_SetContrast
 .text.ssd1306_SetDisplayOn
                0x08001420       0x3c ./Drivers/OLED/ssd1306.o
                0x08001420                ssd1306_SetDisplayOn
 .text.HAL_Init
                0x0800145c       0x44 ./Drivers/STM32F4xx_HAL_Driver/Src/stm32f4xx_hal.o
                0x0800145c                HAL_Init
 .text.HAL_InitTick
                0x080014a0       0x60 ./Drivers/STM32F4xx_HAL_Driver/Src/stm32f4xx_hal.o
                0x080014a0                HAL_InitTick
 .text.HAL_IncTick
                0x08001500       0x28 ./Drivers/STM32F4xx_HAL_Driver/Src/stm32f4xx_hal.o
                0x08001500                HAL_IncTick
 .text.HAL_GetTick
                0x08001528       0x18 ./Drivers/STM32F4xx_HAL_Driver/Src/stm32f4xx_hal.o
                0x08001528                HAL_GetTick
 .text.HAL_Delay
                0x08001540       0x48 ./Drivers/STM32F4xx_HAL_Driver/Src/stm32f4xx_hal.o
                0x08001540                HAL_Delay
 .text.__NVIC_SetPriorityGrouping
                0x08001588       0x48 ./Drivers/STM32F4xx_HAL_Driver/Src/stm32f4xx_hal_cortex.o
 .text.__NVIC_GetPriorityGrouping
                0x080015d0       0x1c ./Drivers/STM32F4xx_HAL_Driver/Src/stm32f4xx_hal_cortex.o
 .text.__NVIC_SetPriority
                0x080015ec       0x54 ./Drivers/STM32F4xx_HAL_Driver/Src/stm32f4xx_hal_cortex.o
 .text.NVIC_EncodePriority
                0x08001640       0x66 ./Drivers/STM32F4xx_HAL_Driver/Src/stm32f4xx_hal_cortex.o
 *fill*         0x080016a6        0x2 
 .text.SysTick_Config
                0x080016a8       0x44 ./Drivers/STM32F4xx_HAL_Driver/Src/stm32f4xx_hal_cortex.o
 .text.HAL_NVIC_SetPriorityGrouping
                0x080016ec       0x16 ./Drivers/STM32F4xx_HAL_Driver/Src/stm32f4xx_hal_cortex.o
                0x080016ec                HAL_NVIC_SetPriorityGrouping
 .text.HAL_NVIC_SetPriority
                0x08001702       0x38 ./Drivers/STM32F4xx_HAL_Driver/Src/stm32f4xx_hal_cortex.o
                0x08001702                HAL_NVIC_SetPriority
 .text.HAL_SYSTICK_Config
                0x0800173a       0x18 ./Drivers/STM32F4xx_HAL_Driver/Src/stm32f4xx_hal_cortex.o
                0x0800173a                HAL_SYSTICK_Config
 *fill*         0x08001752        0x2 
 .text.HAL_GPIO_Init
                0x08001754      0x308 ./Drivers/STM32F4xx_HAL_Driver/Src/stm32f4xx_hal_gpio.o
                0x08001754                HAL_GPIO_Init
 .text.HAL_GPIO_ReadPin
                0x08001a5c       0x30 ./Drivers/STM32F4xx_HAL_Driver/Src/stm32f4xx_hal_gpio.o
                0x08001a5c                HAL_GPIO_ReadPin
 .text.HAL_GPIO_WritePin
                0x08001a8c       0x32 ./Drivers/STM32F4xx_HAL_Driver/Src/stm32f4xx_hal_gpio.o
                0x08001a8c                HAL_GPIO_WritePin
 *fill*         0x08001abe        0x2 
 .text.HAL_I2C_Init
                0x08001ac0      0x288 ./Drivers/STM32F4xx_HAL_Driver/Src/stm32f4xx_hal_i2c.o
                0x08001ac0                HAL_I2C_Init
 .text.HAL_I2C_Mem_Write
                0x08001d48      0x1f4 ./Drivers/STM32F4xx_HAL_Driver/Src/stm32f4xx_hal_i2c.o
                0x08001d48                HAL_I2C_Mem_Write
 .text.I2C_RequestMemoryWrite
                0x08001f3c      0x12c ./Drivers/STM32F4xx_HAL_Driver/Src/stm32f4xx_hal_i2c.o
 .text.I2C_WaitOnFlagUntilTimeout
                0x08002068       0xf4 ./Drivers/STM32F4xx_HAL_Driver/Src/stm32f4xx_hal_i2c.o
 .text.I2C_WaitOnMasterAddressFlagUntilTimeout
                0x0800215c      0x140 ./Drivers/STM32F4xx_HAL_Driver/Src/stm32f4xx_hal_i2c.o
 .text.I2C_WaitOnTXEFlagUntilTimeout
                0x0800229c       0x90 ./Drivers/STM32F4xx_HAL_Driver/Src/stm32f4xx_hal_i2c.o
 .text.I2C_WaitOnBTFFlagUntilTimeout
                0x0800232c       0x90 ./Drivers/STM32F4xx_HAL_Driver/Src/stm32f4xx_hal_i2c.o
 .text.I2C_IsAcknowledgeFailed
                0x080023bc       0x5e ./Drivers/STM32F4xx_HAL_Driver/Src/stm32f4xx_hal_i2c.o
 *fill*         0x0800241a        0x2 
 .text.HAL_RCC_OscConfig
                0x0800241c      0x4f0 ./Drivers/STM32F4xx_HAL_Driver/Src/stm32f4xx_hal_rcc.o
                0x0800241c                HAL_RCC_OscConfig
 .text.HAL_RCC_ClockConfig
                0x0800290c      0x1cc ./Drivers/STM32F4xx_HAL_Driver/Src/stm32f4xx_hal_rcc.o
                0x0800290c                HAL_RCC_ClockConfig
 .text.HAL_RCC_GetSysClockFreq
                0x08002ad8      0x20c ./Drivers/STM32F4xx_HAL_Driver/Src/stm32f4xx_hal_rcc.o
                0x08002ad8                HAL_RCC_GetSysClockFreq
 .text.HAL_RCC_GetHCLKFreq
                0x08002ce4       0x18 ./Drivers/STM32F4xx_HAL_Driver/Src/stm32f4xx_hal_rcc.o
                0x08002ce4                HAL_RCC_GetHCLKFreq
 .text.HAL_RCC_GetPCLK1Freq
                0x08002cfc       0x28 ./Drivers/STM32F4xx_HAL_Driver/Src/stm32f4xx_hal_rcc.o
                0x08002cfc                HAL_RCC_GetPCLK1Freq
 .text.HAL_RCC_GetPCLK2Freq
                0x08002d24       0x28 ./Drivers/STM32F4xx_HAL_Driver/Src/stm32f4xx_hal_rcc.o
                0x08002d24                HAL_RCC_GetPCLK2Freq
 .text.HAL_UART_Init
                0x08002d4c       0xa0 ./Drivers/STM32F4xx_HAL_Driver/Src/stm32f4xx_hal_uart.o
                0x08002d4c                HAL_UART_Init
 .text.UART_SetConfig
                0x08002dec      0x4e8 ./Drivers/STM32F4xx_HAL_Driver/Src/stm32f4xx_hal_uart.o
 .text.std      0x080032d4       0x6c /home/esqflowne/stmide/plugins/com.st.stm32cube.ide.mcu.externaltools.gnu-tools-for-stm32.12.3.rel1.linux64_1.1.0.202410170702/tools/bin/../lib/gcc/arm-none-eabi/12.3.1/../../../../arm-none-eabi/lib/thumb/v7e-m+fp/hard/libc_nano.a(libc_a-findfp.o)
 .text.stdio_exit_handler
                0x08003340       0x18 /home/esqflowne/stmide/plugins/com.st.stm32cube.ide.mcu.externaltools.gnu-tools-for-stm32.12.3.rel1.linux64_1.1.0.202410170702/tools/bin/../lib/gcc/arm-none-eabi/12.3.1/../../../../arm-none-eabi/lib/thumb/v7e-m+fp/hard/libc_nano.a(libc_a-findfp.o)
 .text.cleanup_stdio
                0x08003358       0x40 /home/esqflowne/stmide/plugins/com.st.stm32cube.ide.mcu.externaltools.gnu-tools-for-stm32.12.3.rel1.linux64_1.1.0.202410170702/tools/bin/../lib/gcc/arm-none-eabi/12.3.1/../../../../arm-none-eabi/lib/thumb/v7e-m+fp/hard/libc_nano.a(libc_a-findfp.o)
 .text.global_stdio_init.part.0
                0x08003398       0x3c /home/esqflowne/stmide/plugins/com.st.stm32cube.ide.mcu.externaltools.gnu-tools-for-stm32.12.3.rel1.linux64_1.1.0.202410170702/tools/bin/../lib/gcc/arm-none-eabi/12.3.1/../../../../arm-none-eabi/lib/thumb/v7e-m+fp/hard/libc_nano.a(libc_a-findfp.o)
 .text.__sfp_lock_acquire
                0x080033d4        0xc /home/esqflowne/stmide/plugins/com.st.stm32cube.ide.mcu.externaltools.gnu-tools-for-stm32.12.3.rel1.linux64_1.1.0.202410170702/tools/bin/../lib/gcc/arm-none-eabi/12.3.1/../../../../arm-none-eabi/lib/thumb/v7e-m+fp/hard/libc_nano.a(libc_a-findfp.o)
                0x080033d4                __sfp_lock_acquire
 .text.__sfp_lock_release
                0x080033e0        0xc /home/esqflowne/stmide/plugins/com.st.stm32cube.ide.mcu.externaltools.gnu-tools-for-stm32.12.3.rel1.linux64_1.1.0.202410170702/tools/bin/../lib/gcc/arm-none-eabi/12.3.1/../../../../arm-none-eabi/lib/thumb/v7e-m+fp/hard/libc_nano.a(libc_a-findfp.o)
                0x080033e0                __sfp_lock_release
 .text.__sinit  0x080033ec       0x30 /home/esqflowne/stmide/plugins/com.st.stm32cube.ide.mcu.externaltools.gnu-tools-for-stm32.12.3.rel1.linux64_1.1.0.202410170702/tools/bin/../lib/gcc/arm-none-eabi/12.3.1/../../../../arm-none-eabi/lib/thumb/v7e-m+fp/hard/libc_nano.a(libc_a-findfp.o)
                0x080033ec                __sinit
 .text._fwalk_sglue
                0x0800341c       0x3c /home/esqflowne/stmide/plugins/com.st.stm32cube.ide.mcu.externaltools.gnu-tools-for-stm32.12.3.rel1.linux64_1.1.0.202410170702/tools/bin/../lib/gcc/arm-none-eabi/12.3.1/../../../../arm-none-eabi/lib/thumb/v7e-m+fp/hard/libc_nano.a(libc_a-fwalk.o)
                0x0800341c                _fwalk_sglue
 .text._puts_r  0x08003458       0xaa /home/esqflowne/stmide/plugins/com.st.stm32cube.ide.mcu.externaltools.gnu-tools-for-stm32.12.3.rel1.linux64_1.1.0.202410170702/tools/bin/../lib/gcc/arm-none-eabi/12.3.1/../../../../arm-none-eabi/lib/thumb/v7e-m+fp/hard/libc_nano.a(libc_a-puts.o)
                0x08003458                _puts_r
 *fill*         0x08003502        0x2 
 .text.puts     0x08003504       0x10 /home/esqflowne/stmide/plugins/com.st.stm32cube.ide.mcu.externaltools.gnu-tools-for-stm32.12.3.rel1.linux64_1.1.0.202410170702/tools/bin/../lib/gcc/arm-none-eabi/12.3.1/../../../../arm-none-eabi/lib/thumb/v7e-m+fp/hard/libc_nano.a(libc_a-puts.o)
                0x08003504                puts
 .text.__sread  0x08003514       0x22 /home/esqflowne/stmide/plugins/com.st.stm32cube.ide.mcu.externaltools.gnu-tools-for-stm32.12.3.rel1.linux64_1.1.0.202410170702/tools/bin/../lib/gcc/arm-none-eabi/12.3.1/../../../../arm-none-eabi/lib/thumb/v7e-m+fp/hard/libc_nano.a(libc_a-stdio.o)
                0x08003514                __sread
 .text.__swrite
                0x08003536       0x38 /home/esqflowne/stmide/plugins/com.st.stm32cube.ide.mcu.externaltools.gnu-tools-for-stm32.12.3.rel1.linux64_1.1.0.202410170702/tools/bin/../lib/gcc/arm-none-eabi/12.3.1/../../../../arm-none-eabi/lib/thumb/v7e-m+fp/hard/libc_nano.a(libc_a-stdio.o)
                0x08003536                __swrite
 .text.__sseek  0x0800356e       0x24 /home/esqflowne/stmide/plugins/com.st.stm32cube.ide.mcu.externaltools.gnu-tools-for-stm32.12.3.rel1.linux64_1.1.0.202410170702/tools/bin/../lib/gcc/arm-none-eabi/12.3.1/../../../../arm-none-eabi/lib/thumb/v7e-m+fp/hard/libc_nano.a(libc_a-stdio.o)
                0x0800356e                __sseek
 .text.__sclose
                0x08003592        0x8 /home/esqflowne/stmide/plugins/com.st.stm32cube.ide.mcu.externaltools.gnu-tools-for-stm32.12.3.rel1.linux64_1.1.0.202410170702/tools/bin/../lib/gcc/arm-none-eabi/12.3.1/../../../../arm-none-eabi/lib/thumb/v7e-m+fp/hard/libc_nano.a(libc_a-stdio.o)
                0x08003592                __sclose
 .text.__swbuf_r
                0x0800359a       0x7c /home/esqflowne/stmide/plugins/com.st.stm32cube.ide.mcu.externaltools.gnu-tools-for-stm32.12.3.rel1.linux64_1.1.0.202410170702/tools/bin/../lib/gcc/arm-none-eabi/12.3.1/../../../../arm-none-eabi/lib/thumb/v7e-m+fp/hard/libc_nano.a(libc_a-wbuf.o)
                0x0800359a                __swbuf_r
 *fill*         0x08003616        0x2 
 .text.__swsetup_r
                0x08003618       0xac /home/esqflowne/stmide/plugins/com.st.stm32cube.ide.mcu.externaltools.gnu-tools-for-stm32.12.3.rel1.linux64_1.1.0.202410170702/tools/bin/../lib/gcc/arm-none-eabi/12.3.1/../../../../arm-none-eabi/lib/thumb/v7e-m+fp/hard/libc_nano.a(libc_a-wsetup.o)
                0x08003618                __swsetup_r
 .text.memset   0x080036c4       0x10 /home/esqflowne/stmide/plugins/com.st.stm32cube.ide.mcu.externaltools.gnu-tools-for-stm32.12.3.rel1.linux64_1.1.0.202410170702/tools/bin/../lib/gcc/arm-none-eabi/12.3.1/../../../../arm-none-eabi/lib/thumb/v7e-m+fp/hard/libc_nano.a(libc_a-memset.o)
                0x080036c4                memset
 .text._close_r
                0x080036d4       0x20 /home/esqflowne/stmide/plugins/com.st.stm32cube.ide.mcu.externaltools.gnu-tools-for-stm32.12.3.rel1.linux64_1.1.0.202410170702/tools/bin/../lib/gcc/arm-none-eabi/12.3.1/../../../../arm-none-eabi/lib/thumb/v7e-m+fp/hard/libc_nano.a(libc_a-closer.o)
                0x080036d4                _close_r
 .text._lseek_r
                0x080036f4       0x24 /home/esqflowne/stmide/plugins/com.st.stm32cube.ide.mcu.externaltools.gnu-tools-for-stm32.12.3.rel1.linux64_1.1.0.202410170702/tools/bin/../lib/gcc/arm-none-eabi/12.3.1/../../../../arm-none-eabi/lib/thumb/v7e-m+fp/hard/libc_nano.a(libc_a-lseekr.o)
                0x080036f4                _lseek_r
 .text._read_r  0x08003718       0x24 /home/esqflowne/stmide/plugins/com.st.stm32cube.ide.mcu.externaltools.gnu-tools-for-stm32.12.3.rel1.linux64_1.1.0.202410170702/tools/bin/../lib/gcc/arm-none-eabi/12.3.1/../../../../arm-none-eabi/lib/thumb/v7e-m+fp/hard/libc_nano.a(libc_a-readr.o)
                0x08003718                _read_r
 .text._write_r
                0x0800373c       0x24 /home/esqflowne/stmide/plugins/com.st.stm32cube.ide.mcu.externaltools.gnu-tools-for-stm32.12.3.rel1.linux64_1.1.0.202410170702/tools/bin/../lib/gcc/arm-none-eabi/12.3.1/../../../../arm-none-eabi/lib/thumb/v7e-m+fp/hard/libc_nano.a(libc_a-writer.o)
                0x0800373c                _write_r
 .text.__errno  0x08003760        0xc /home/esqflowne/stmide/plugins/com.st.stm32cube.ide.mcu.externaltools.gnu-tools-for-stm32.12.3.rel1.linux64_1.1.0.202410170702/tools/bin/../lib/gcc/arm-none-eabi/12.3.1/../../../../arm-none-eabi/lib/thumb/v7e-m+fp/hard/libc_nano.a(libc_a-errno.o)
                0x08003760                __errno
 .text.__libc_init_array
                0x0800376c       0x48 /home/esqflowne/stmide/plugins/com.st.stm32cube.ide.mcu.externaltools.gnu-tools-for-stm32.12.3.rel1.linux64_1.1.0.202410170702/tools/bin/../lib/gcc/arm-none-eabi/12.3.1/../../../../arm-none-eabi/lib/thumb/v7e-m+fp/hard/libc_nano.a(libc_a-init.o)
                0x0800376c                __libc_init_array
 .text.__retarget_lock_init_recursive
                0x080037b4        0x2 /home/esqflowne/stmide/plugins/com.st.stm32cube.ide.mcu.externaltools.gnu-tools-for-stm32.12.3.rel1.linux64_1.1.0.202410170702/tools/bin/../lib/gcc/arm-none-eabi/12.3.1/../../../../arm-none-eabi/lib/thumb/v7e-m+fp/hard/libc_nano.a(libc_a-lock.o)
                0x080037b4                __retarget_lock_init_recursive
 .text.__retarget_lock_acquire_recursive
                0x080037b6        0x2 /home/esqflowne/stmide/plugins/com.st.stm32cube.ide.mcu.externaltools.gnu-tools-for-stm32.12.3.rel1.linux64_1.1.0.202410170702/tools/bin/../lib/gcc/arm-none-eabi/12.3.1/../../../../arm-none-eabi/lib/thumb/v7e-m+fp/hard/libc_nano.a(libc_a-lock.o)
                0x080037b6                __retarget_lock_acquire_recursive
 .text.__retarget_lock_release_recursive
                0x080037b8        0x2 /home/esqflowne/stmide/plugins/com.st.stm32cube.ide.mcu.externaltools.gnu-tools-for-stm32.12.3.rel1.linux64_1.1.0.202410170702/tools/bin/../lib/gcc/arm-none-eabi/12.3.1/../../../../arm-none-eabi/lib/thumb/v7e-m+fp/hard/libc_nano.a(libc_a-lock.o)
                0x080037b8                __retarget_lock_release_recursive
 *fill*         0x080037ba        0x2 
 .text._free_r  0x080037bc       0x94 /home/esqflowne/stmide/plugins/com.st.stm32cube.ide.mcu.externaltools.gnu-tools-for-stm32.12.3.rel1.linux64_1.1.0.202410170702/tools/bin/../lib/gcc/arm-none-eabi/12.3.1/../../../../arm-none-eabi/lib/thumb/v7e-m+fp/hard/libc_nano.a(libc_a-freer.o)
                0x080037bc                _free_r
 .text.sbrk_aligned
                0x08003850       0x44 /home/esqflowne/stmide/plugins/com.st.stm32cube.ide.mcu.externaltools.gnu-tools-for-stm32.12.3.rel1.linux64_1.1.0.202410170702/tools/bin/../lib/gcc/arm-none-eabi/12.3.1/../../../../arm-none-eabi/lib/thumb/v7e-m+fp/hard/libc_nano.a(libc_a-mallocr.o)
 .text._malloc_r
                0x08003894      0x100 /home/esqflowne/stmide/plugins/com.st.stm32cube.ide.mcu.externaltools.gnu-tools-for-stm32.12.3.rel1.linux64_1.1.0.202410170702/tools/bin/../lib/gcc/arm-none-eabi/12.3.1/../../../../arm-none-eabi/lib/thumb/v7e-m+fp/hard/libc_nano.a(libc_a-mallocr.o)
                0x08003894                _malloc_r
 .text.__malloc_lock
                0x08003994        0xc /home/esqflowne/stmide/plugins/com.st.stm32cube.ide.mcu.externaltools.gnu-tools-for-stm32.12.3.rel1.linux64_1.1.0.202410170702/tools/bin/../lib/gcc/arm-none-eabi/12.3.1/../../../../arm-none-eabi/lib/thumb/v7e-m+fp/hard/libc_nano.a(libc_a-mlock.o)
                0x08003994                __malloc_lock
 .text.__malloc_unlock
                0x080039a0        0xc /home/esqflowne/stmide/plugins/com.st.stm32cube.ide.mcu.externaltools.gnu-tools-for-stm32.12.3.rel1.linux64_1.1.0.202410170702/tools/bin/../lib/gcc/arm-none-eabi/12.3.1/../../../../arm-none-eabi/lib/thumb/v7e-m+fp/hard/libc_nano.a(libc_a-mlock.o)
                0x080039a0                __malloc_unlock
 .text.__sflush_r
                0x080039ac      0x108 /home/esqflowne/stmide/plugins/com.st.stm32cube.ide.mcu.externaltools.gnu-tools-for-stm32.12.3.rel1.linux64_1.1.0.202410170702/tools/bin/../lib/gcc/arm-none-eabi/12.3.1/../../../../arm-none-eabi/lib/thumb/v7e-m+fp/hard/libc_nano.a(libc_a-fflush.o)
                0x080039ac                __sflush_r
 .text._fflush_r
                0x08003ab4       0x50 /home/esqflowne/stmide/plugins/com.st.stm32cube.ide.mcu.externaltools.gnu-tools-for-stm32.12.3.rel1.linux64_1.1.0.202410170702/tools/bin/../lib/gcc/arm-none-eabi/12.3.1/../../../../arm-none-eabi/lib/thumb/v7e-m+fp/hard/libc_nano.a(libc_a-fflush.o)
                0x08003ab4                _fflush_r
 .text.__swhatbuf_r
                0x08003b04       0x4c /home/esqflowne/stmide/plugins/com.st.stm32cube.ide.mcu.externaltools.gnu-tools-for-stm32.12.3.rel1.linux64_1.1.0.202410170702/tools/bin/../lib/gcc/arm-none-eabi/12.3.1/../../../../arm-none-eabi/lib/thumb/v7e-m+fp/hard/libc_nano.a(libc_a-makebuf.o)
                0x08003b04                __swhatbuf_r
 .text.__smakebuf_r
                0x08003b50       0x78 /home/esqflowne/stmide/plugins/com.st.stm32cube.ide.mcu.externaltools.gnu-tools-for-stm32.12.3.rel1.linux64_1.1.0.202410170702/tools/bin/../lib/gcc/arm-none-eabi/12.3.1/../../../../arm-none-eabi/lib/thumb/v7e-m+fp/hard/libc_nano.a(libc_a-makebuf.o)
                0x08003b50                __smakebuf_r
 .text._fstat_r
                0x08003bc8       0x24 /home/esqflowne/stmide/plugins/com.st.stm32cube.ide.mcu.externaltools.gnu-tools-for-stm32.12.3.rel1.linux64_1.1.0.202410170702/tools/bin/../lib/gcc/arm-none-eabi/12.3.1/../../../../arm-none-eabi/lib/thumb/v7e-m+fp/hard/libc_nano.a(libc_a-fstatr.o)
                0x08003bc8                _fstat_r
 .text._isatty_r
                0x08003bec       0x20 /home/esqflowne/stmide/plugins/com.st.stm32cube.ide.mcu.externaltools.gnu-tools-for-stm32.12.3.rel1.linux64_1.1.0.202410170702/tools/bin/../lib/gcc/arm-none-eabi/12.3.1/../../../../arm-none-eabi/lib/thumb/v7e-m+fp/hard/libc_nano.a(libc_a-isattyr.o)
                0x08003bec                _isatty_r
 .text._sbrk_r  0x08003c0c       0x20 /home/esqflowne/stmide/plugins/com.st.stm32cube.ide.mcu.externaltools.gnu-tools-for-stm32.12.3.rel1.linux64_1.1.0.202410170702/tools/bin/../lib/gcc/arm-none-eabi/12.3.1/../../../../arm-none-eabi/lib/thumb/v7e-m+fp/hard/libc_nano.a(libc_a-sbrkr.o)
                0x08003c0c                _sbrk_r
 *(.glue_7)
 .glue_7        0x08003c2c        0x0 linker stubs
 *(.glue_7t)
 .glue_7t       0x08003c2c        0x0 linker stubs
 *(.eh_frame)
 .eh_frame      0x08003c2c        0x0 /home/esqflowne/stmide/plugins/com.st.stm32cube.ide.mcu.externaltools.gnu-tools-for-stm32.12.3.rel1.linux64_1.1.0.202410170702/tools/bin/../lib/gcc/arm-none-eabi/12.3.1/thumb/v7e-m+fp/hard/crtbegin.o
 *(.init)
 .init          0x08003c2c        0x4 /home/esqflowne/stmide/plugins/com.st.stm32cube.ide.mcu.externaltools.gnu-tools-for-stm32.12.3.rel1.linux64_1.1.0.202410170702/tools/bin/../lib/gcc/arm-none-eabi/12.3.1/thumb/v7e-m+fp/hard/crti.o
                0x08003c2c                _init
 .init          0x08003c30        0x8 /home/esqflowne/stmide/plugins/com.st.stm32cube.ide.mcu.externaltools.gnu-tools-for-stm32.12.3.rel1.linux64_1.1.0.202410170702/tools/bin/../lib/gcc/arm-none-eabi/12.3.1/thumb/v7e-m+fp/hard/crtn.o
 *(.fini)
 .fini          0x08003c38        0x4 /home/esqflowne/stmide/plugins/com.st.stm32cube.ide.mcu.externaltools.gnu-tools-for-stm32.12.3.rel1.linux64_1.1.0.202410170702/tools/bin/../lib/gcc/arm-none-eabi/12.3.1/thumb/v7e-m+fp/hard/crti.o
                0x08003c38                _fini
 .fini          0x08003c3c        0x8 /home/esqflowne/stmide/plugins/com.st.stm32cube.ide.mcu.externaltools.gnu-tools-for-stm32.12.3.rel1.linux64_1.1.0.202410170702/tools/bin/../lib/gcc/arm-none-eabi/12.3.1/thumb/v7e-m+fp/hard/crtn.o
                0x08003c44                        . = ALIGN (0x4)
                0x08003c44                        _etext = .

.vfp11_veneer   0x08003c44        0x0
 .vfp11_veneer  0x08003c44        0x0 linker stubs

.v4_bx          0x08003c44        0x0
 .v4_bx         0x08003c44        0x0 linker stubs

.iplt           0x08003c44        0x0
 .iplt          0x08003c44        0x0 /home/esqflowne/stmide/plugins/com.st.stm32cube.ide.mcu.externaltools.gnu-tools-for-stm32.12.3.rel1.linux64_1.1.0.202410170702/tools/bin/../lib/gcc/arm-none-eabi/12.3.1/thumb/v7e-m+fp/hard/crtbegin.o

.rodata         0x08003c44     0x1020
                0x08003c44                        . = ALIGN (0x4)
 *(.rodata)
 .rodata        0x08003c44        0x7 ./Core/Src/main.o
 *(.rodata*)
 *fill*         0x08003c4b        0x1 
 .rodata.AHBPrescTable
                0x08003c4c       0x10 ./Core/Src/system_stm32f4xx.o
                0x08003c4c                AHBPrescTable
 .rodata.APBPrescTable
                0x08003c5c        0x8 ./Core/Src/system_stm32f4xx.o
                0x08003c5c                APBPrescTable
 .rodata.epd_bitmap_spriteHappy
                0x08003c64      0x400 ./Core/sprites/sprites.o
                0x08003c64                epd_bitmap_spriteHappy
 .rodata.epd_bitmap_spriteUnhappy
                0x08004064      0x400 ./Core/sprites/sprites.o
                0x08004064                epd_bitmap_spriteUnhappy
 .rodata.epd_bitmap_spriteSerious
                0x08004464      0x400 ./Core/sprites/sprites.o
                0x08004464                epd_bitmap_spriteSerious
 .rodata.epd_bitmap_spriteCute
                0x08004864      0x400 ./Core/sprites/sprites.o
                0x08004864                epd_bitmap_spriteCute
                0x08004c64                        . = ALIGN (0x4)

.ARM.extab      0x08004c64        0x0
                0x08004c64                        . = ALIGN (0x4)
 *(.ARM.extab* .gnu.linkonce.armextab.*)
                0x08004c64                        . = ALIGN (0x4)

.ARM            0x08004c64        0x8
                0x08004c64                        . = ALIGN (0x4)
                0x08004c64                        __exidx_start = .
 *(.ARM.exidx*)
 .ARM.exidx     0x08004c64        0x8 /home/esqflowne/stmide/plugins/com.st.stm32cube.ide.mcu.externaltools.gnu-tools-for-stm32.12.3.rel1.linux64_1.1.0.202410170702/tools/bin/../lib/gcc/arm-none-eabi/12.3.1/thumb/v7e-m+fp/hard/libgcc.a(_udivmoddi4.o)
                0x08004c6c                        __exidx_end = .
                0x08004c6c                        . = ALIGN (0x4)

.preinit_array  0x08004c6c        0x0
                0x08004c6c                        . = ALIGN (0x4)
                0x08004c6c                        PROVIDE (__preinit_array_start = .)
 *(.preinit_array*)
                0x08004c6c                        PROVIDE (__preinit_array_end = .)
                0x08004c6c                        . = ALIGN (0x4)

.init_array     0x08004c6c        0x4
                0x08004c6c                        . = ALIGN (0x4)
                0x08004c6c                        PROVIDE (__init_array_start = .)
 *(SORT_BY_NAME(.init_array.*))
 *(.init_array*)
 .init_array    0x08004c6c        0x4 /home/esqflowne/stmide/plugins/com.st.stm32cube.ide.mcu.externaltools.gnu-tools-for-stm32.12.3.rel1.linux64_1.1.0.202410170702/tools/bin/../lib/gcc/arm-none-eabi/12.3.1/thumb/v7e-m+fp/hard/crtbegin.o
                0x08004c70                        PROVIDE (__init_array_end = .)
                0x08004c70                        . = ALIGN (0x4)

.fini_array     0x08004c70        0x4
                0x08004c70                        . = ALIGN (0x4)
                [!provide]                        PROVIDE (__fini_array_start = .)
 *(SORT_BY_NAME(.fini_array.*))
 *(.fini_array*)
 .fini_array    0x08004c70        0x4 /home/esqflowne/stmide/plugins/com.st.stm32cube.ide.mcu.externaltools.gnu-tools-for-stm32.12.3.rel1.linux64_1.1.0.202410170702/tools/bin/../lib/gcc/arm-none-eabi/12.3.1/thumb/v7e-m+fp/hard/crtbegin.o
                [!provide]                        PROVIDE (__fini_array_end = .)
                0x08004c74                        . = ALIGN (0x4)
                0x08004c74                        _sidata = LOADADDR (.data)

.rel.dyn        0x08004c74        0x0
 .rel.iplt      0x08004c74        0x0 /home/esqflowne/stmide/plugins/com.st.stm32cube.ide.mcu.externaltools.gnu-tools-for-stm32.12.3.rel1.linux64_1.1.0.202410170702/tools/bin/../lib/gcc/arm-none-eabi/12.3.1/thumb/v7e-m+fp/hard/crtbegin.o

.data           0x20000000       0x68 load address 0x08004c74
                0x20000000                        . = ALIGN (0x4)
                0x20000000                        _sdata = .
 *(.data)
 *(.data*)
 .data.SystemCoreClock
                0x20000000        0x4 ./Core/Src/system_stm32f4xx.o
                0x20000000                SystemCoreClock
 .data.uwTickPrio
                0x20000004        0x4 ./Drivers/STM32F4xx_HAL_Driver/Src/stm32f4xx_hal.o
                0x20000004                uwTickPrio
 .data.uwTickFreq
                0x20000008        0x1 ./Drivers/STM32F4xx_HAL_Driver/Src/stm32f4xx_hal.o
                0x20000008                uwTickFreq
 *fill*         0x20000009        0x3 
 .data.__sglue  0x2000000c        0xc /home/esqflowne/stmide/plugins/com.st.stm32cube.ide.mcu.externaltools.gnu-tools-for-stm32.12.3.rel1.linux64_1.1.0.202410170702/tools/bin/../lib/gcc/arm-none-eabi/12.3.1/../../../../arm-none-eabi/lib/thumb/v7e-m+fp/hard/libc_nano.a(libc_a-findfp.o)
                0x2000000c                __sglue
 .data._impure_ptr
                0x20000018        0x4 /home/esqflowne/stmide/plugins/com.st.stm32cube.ide.mcu.externaltools.gnu-tools-for-stm32.12.3.rel1.linux64_1.1.0.202410170702/tools/bin/../lib/gcc/arm-none-eabi/12.3.1/../../../../arm-none-eabi/lib/thumb/v7e-m+fp/hard/libc_nano.a(libc_a-impure.o)
                0x20000018                _impure_ptr
 .data._impure_data
                0x2000001c       0x4c /home/esqflowne/stmide/plugins/com.st.stm32cube.ide.mcu.externaltools.gnu-tools-for-stm32.12.3.rel1.linux64_1.1.0.202410170702/tools/bin/../lib/gcc/arm-none-eabi/12.3.1/../../../../arm-none-eabi/lib/thumb/v7e-m+fp/hard/libc_nano.a(libc_a-impure.o)
                0x2000001c                _impure_data
 *(.RamFunc)
 *(.RamFunc*)
                0x20000068                        . = ALIGN (0x4)
                0x20000068                        _edata = .

.igot.plt       0x20000068        0x0 load address 0x08004cdc
 .igot.plt      0x20000068        0x0 /home/esqflowne/stmide/plugins/com.st.stm32cube.ide.mcu.externaltools.gnu-tools-for-stm32.12.3.rel1.linux64_1.1.0.202410170702/tools/bin/../lib/gcc/arm-none-eabi/12.3.1/thumb/v7e-m+fp/hard/crtbegin.o
                0x20000068                        . = ALIGN (0x4)

.bss            0x20000068      0x614 load address 0x08004cdc
                0x20000068                        _sbss = .
                0x20000068                        __bss_start__ = _sbss
 *(.bss)
 .bss           0x20000068       0x1c /home/esqflowne/stmide/plugins/com.st.stm32cube.ide.mcu.externaltools.gnu-tools-for-stm32.12.3.rel1.linux64_1.1.0.202410170702/tools/bin/../lib/gcc/arm-none-eabi/12.3.1/thumb/v7e-m+fp/hard/crtbegin.o
 *(.bss*)
 .bss.hi2c1     0x20000084       0x54 ./Core/Src/main.o
                0x20000084                hi2c1
 .bss.huart2    0x200000d8       0x48 ./Core/Src/main.o
                0x200000d8                huart2
 .bss.__sbrk_heap_end
                0x20000120        0x4 ./Core/Src/sysmem.o
 .bss.SSD1306_Buffer
                0x20000124      0x400 ./Drivers/OLED/ssd1306.o
 .bss.SSD1306   0x20000524        0x6 ./Drivers/OLED/ssd1306.o
 *fill*         0x2000052a        0x2 
 .bss.uwTick    0x2000052c        0x4 ./Drivers/STM32F4xx_HAL_Driver/Src/stm32f4xx_hal.o
                0x2000052c                uwTick
 .bss.__sf      0x20000530      0x138 /home/esqflowne/stmide/plugins/com.st.stm32cube.ide.mcu.externaltools.gnu-tools-for-stm32.12.3.rel1.linux64_1.1.0.202410170702/tools/bin/../lib/gcc/arm-none-eabi/12.3.1/../../../../arm-none-eabi/lib/thumb/v7e-m+fp/hard/libc_nano.a(libc_a-findfp.o)
                0x20000530                __sf
 .bss.__stdio_exit_handler
                0x20000668        0x4 /home/esqflowne/stmide/plugins/com.st.stm32cube.ide.mcu.externaltools.gnu-tools-for-stm32.12.3.rel1.linux64_1.1.0.202410170702/tools/bin/../lib/gcc/arm-none-eabi/12.3.1/../../../../arm-none-eabi/lib/thumb/v7e-m+fp/hard/libc_nano.a(libc_a-findfp.o)
                0x20000668                __stdio_exit_handler
 .bss.errno     0x2000066c        0x4 /home/esqflowne/stmide/plugins/com.st.stm32cube.ide.mcu.externaltools.gnu-tools-for-stm32.12.3.rel1.linux64_1.1.0.202410170702/tools/bin/../lib/gcc/arm-none-eabi/12.3.1/../../../../arm-none-eabi/lib/thumb/v7e-m+fp/hard/libc_nano.a(libc_a-reent.o)
                0x2000066c                errno
 .bss.__lock___malloc_recursive_mutex
                0x20000670        0x1 /home/esqflowne/stmide/plugins/com.st.stm32cube.ide.mcu.externaltools.gnu-tools-for-stm32.12.3.rel1.linux64_1.1.0.202410170702/tools/bin/../lib/gcc/arm-none-eabi/12.3.1/../../../../arm-none-eabi/lib/thumb/v7e-m+fp/hard/libc_nano.a(libc_a-lock.o)
                0x20000670                __lock___malloc_recursive_mutex
 .bss.__lock___sfp_recursive_mutex
                0x20000671        0x1 /home/esqflowne/stmide/plugins/com.st.stm32cube.ide.mcu.externaltools.gnu-tools-for-stm32.12.3.rel1.linux64_1.1.0.202410170702/tools/bin/../lib/gcc/arm-none-eabi/12.3.1/../../../../arm-none-eabi/lib/thumb/v7e-m+fp/hard/libc_nano.a(libc_a-lock.o)
                0x20000671                __lock___sfp_recursive_mutex
 *fill*         0x20000672        0x2 
 .bss.__malloc_sbrk_start
                0x20000674        0x4 /home/esqflowne/stmide/plugins/com.st.stm32cube.ide.mcu.externaltools.gnu-tools-for-stm32.12.3.rel1.linux64_1.1.0.202410170702/tools/bin/../lib/gcc/arm-none-eabi/12.3.1/../../../../arm-none-eabi/lib/thumb/v7e-m+fp/hard/libc_nano.a(libc_a-mallocr.o)
                0x20000674                __malloc_sbrk_start
 .bss.__malloc_free_list
                0x20000678        0x4 /home/esqflowne/stmide/plugins/com.st.stm32cube.ide.mcu.externaltools.gnu-tools-for-stm32.12.3.rel1.linux64_1.1.0.202410170702/tools/bin/../lib/gcc/arm-none-eabi/12.3.1/../../../../arm-none-eabi/lib/thumb/v7e-m+fp/hard/libc_nano.a(libc_a-mallocr.o)
                0x20000678                __malloc_free_list
 *(COMMON)
                0x2000067c                        . = ALIGN (0x4)
                0x2000067c                        _ebss = .
                0x2000067c                        __bss_end__ = _ebss

._user_heap_stack
                0x2000067c      0x604 load address 0x08004cdc
                0x20000680                        . = ALIGN (0x8)
 *fill*         0x2000067c        0x4 
                [!provide]                        PROVIDE (end = .)
                0x20000680                        PROVIDE (_end = .)
                0x20000880                        . = (. + _Min_Heap_Size)
 *fill*         0x20000680      0x200 
                0x20000c80                        . = (. + _Min_Stack_Size)
 *fill*         0x20000880      0x400 
                0x20000c80                        . = ALIGN (0x8)

/DISCARD/
 libc.a(*)
 libm.a(*)
 libgcc.a(*)

.ARM.attributes
                0x00000000       0x30
 *(.ARM.attributes)
 .ARM.attributes
                0x00000000       0x22 /home/esqflowne/stmide/plugins/com.st.stm32cube.ide.mcu.externaltools.gnu-tools-for-stm32.12.3.rel1.linux64_1.1.0.202410170702/tools/bin/../lib/gcc/arm-none-eabi/12.3.1/thumb/v7e-m+fp/hard/crti.o
 .ARM.attributes
                0x00000022       0x34 /home/esqflowne/stmide/plugins/com.st.stm32cube.ide.mcu.externaltools.gnu-tools-for-stm32.12.3.rel1.linux64_1.1.0.202410170702/tools/bin/../lib/gcc/arm-none-eabi/12.3.1/thumb/v7e-m+fp/hard/crtbegin.o
 .ARM.attributes
                0x00000056       0x34 ./Core/Src/game.o
 .ARM.attributes
                0x0000008a       0x34 ./Core/Src/main.o
 .ARM.attributes
                0x000000be       0x34 ./Core/Src/render.o
 .ARM.attributes
                0x000000f2       0x34 ./Core/Src/stm32f4xx_hal_msp.o
 .ARM.attributes
                0x00000126       0x34 ./Core/Src/stm32f4xx_it.o
 .ARM.attributes
                0x0000015a       0x34 ./Core/Src/syscalls.o
 .ARM.attributes
                0x0000018e       0x34 ./Core/Src/sysmem.o
 .ARM.attributes
                0x000001c2       0x34 ./Core/Src/system_stm32f4xx.o
 .ARM.attributes
                0x000001f6       0x21 ./Core/Startup/startup_stm32f401retx.o
 .ARM.attributes
                0x00000217       0x34 ./Core/sprites/sprites.o
 .ARM.attributes
                0x0000024b       0x34 ./Drivers/OLED/ssd1306.o
 .ARM.attributes
                0x0000027f       0x34 ./Drivers/STM32F4xx_HAL_Driver/Src/stm32f4xx_hal.o
 .ARM.attributes
                0x000002b3       0x34 ./Drivers/STM32F4xx_HAL_Driver/Src/stm32f4xx_hal_cortex.o
 .ARM.attributes
                0x000002e7       0x34 ./Drivers/STM32F4xx_HAL_Driver/Src/stm32f4xx_hal_gpio.o
 .ARM.attributes
                0x0000031b       0x34 ./Drivers/STM32F4xx_HAL_Driver/Src/stm32f4xx_hal_i2c.o
 .ARM.attributes
                0x0000034f       0x34 ./Drivers/STM32F4xx_HAL_Driver/Src/stm32f4xx_hal_rcc.o
 .ARM.attributes
                0x00000383       0x34 ./Drivers/STM32F4xx_HAL_Driver/Src/stm32f4xx_hal_uart.o
 .ARM.attributes
                0x000003b7       0x34 /home/esqflowne/stmide/plugins/com.st.stm32cube.ide.mcu.externaltools.gnu-tools-for-stm32.12.3.rel1.linux64_1.1.0.202410170702/tools/bin/../lib/gcc/arm-none-eabi/12.3.1/../../../../arm-none-eabi/lib/thumb/v7e-m+fp/hard/libc_nano.a(libc_a-findfp.o)
 .ARM.attributes
                0x000003eb       0x34 /home/esqflowne/stmide/plugins/com.st.stm32cube.ide.mcu.externaltools.gnu-tools-for-stm32.12.3.rel1.linux64_1.1.0.202410170702/tools/bin/../lib/gcc/arm-none-eabi/12.3.1/../../../../arm-none-eabi/lib/thumb/v7e-m+fp/hard/libc_nano.a(libc_a-fwalk.o)
 .ARM.attributes
                0x0000041f       0x34 /home/esqflowne/stmide/plugins/com.st.stm32cube.ide.mcu.externaltools.gnu-tools-for-stm32.12.3.rel1.linux64_1.1.0.202410170702/tools/bin/../lib/gcc/arm-none-eabi/12.3.1/../../../../arm-none-eabi/lib/thumb/v7e-m+fp/hard/libc_nano.a(libc_a-puts.o)
 .ARM.attributes
                0x00000453       0x34 /home/esqflowne/stmide/plugins/com.st.stm32cube.ide.mcu.externaltools.gnu-tools-for-stm32.12.3.rel1.linux64_1.1.0.202410170702/tools/bin/../lib/gcc/arm-none-eabi/12.3.1/../../../../arm-none-eabi/lib/thumb/v7e-m+fp/hard/libc_nano.a(libc_a-stdio.o)
 .ARM.attributes
                0x00000487       0x34 /home/esqflowne/stmide/plugins/com.st.stm32cube.ide.mcu.externaltools.gnu-tools-for-stm32.12.3.rel1.linux64_1.1.0.202410170702/tools/bin/../lib/gcc/arm-none-eabi/12.3.1/../../../../arm-none-eabi/lib/thumb/v7e-m+fp/hard/libc_nano.a(libc_a-wbuf.o)
 .ARM.attributes
                0x000004bb       0x34 /home/esqflowne/stmide/plugins/com.st.stm32cube.ide.mcu.externaltools.gnu-tools-for-stm32.12.3.rel1.linux64_1.1.0.202410170702/tools/bin/../lib/gcc/arm-none-eabi/12.3.1/../../../../arm-none-eabi/lib/thumb/v7e-m+fp/hard/libc_nano.a(libc_a-wsetup.o)
 .ARM.attributes
                0x000004ef       0x34 /home/esqflowne/stmide/plugins/com.st.stm32cube.ide.mcu.externaltools.gnu-tools-for-stm32.12.3.rel1.linux64_1.1.0.202410170702/tools/bin/../lib/gcc/arm-none-eabi/12.3.1/../../../../arm-none-eabi/lib/thumb/v7e-m+fp/hard/libc_nano.a(libc_a-memset.o)
 .ARM.attributes
                0x00000523       0x34 /home/esqflowne/stmide/plugins/com.st.stm32cube.ide.mcu.externaltools.gnu-tools-for-stm32.12.3.rel1.linux64_1.1.0.202410170702/tools/bin/../lib/gcc/arm-none-eabi/12.3.1/../../../../arm-none-eabi/lib/thumb/v7e-m+fp/hard/libc_nano.a(libc_a-closer.o)
 .ARM.attributes
                0x00000557       0x34 /home/esqflowne/stmide/plugins/com.st.stm32cube.ide.mcu.externaltools.gnu-tools-for-stm32.12.3.rel1.linux64_1.1.0.202410170702/tools/bin/../lib/gcc/arm-none-eabi/12.3.1/../../../../arm-none-eabi/lib/thumb/v7e-m+fp/hard/libc_nano.a(libc_a-reent.o)
 .ARM.attributes
                0x0000058b       0x34 /home/esqflowne/stmide/plugins/com.st.stm32cube.ide.mcu.externaltools.gnu-tools-for-stm32.12.3.rel1.linux64_1.1.0.202410170702/tools/bin/../lib/gcc/arm-none-eabi/12.3.1/../../../../arm-none-eabi/lib/thumb/v7e-m+fp/hard/libc_nano.a(libc_a-impure.o)
 .ARM.attributes
                0x000005bf       0x34 /home/esqflowne/stmide/plugins/com.st.stm32cube.ide.mcu.externaltools.gnu-tools-for-stm32.12.3.rel1.linux64_1.1.0.202410170702/tools/bin/../lib/gcc/arm-none-eabi/12.3.1/../../../../arm-none-eabi/lib/thumb/v7e-m+fp/hard/libc_nano.a(libc_a-lseekr.o)
 .ARM.attributes
                0x000005f3       0x34 /home/esqflowne/stmide/plugins/com.st.stm32cube.ide.mcu.externaltools.gnu-tools-for-stm32.12.3.rel1.linux64_1.1.0.202410170702/tools/bin/../lib/gcc/arm-none-eabi/12.3.1/../../../../arm-none-eabi/lib/thumb/v7e-m+fp/hard/libc_nano.a(libc_a-readr.o)
 .ARM.attributes
                0x00000627       0x34 /home/esqflowne/stmide/plugins/com.st.stm32cube.ide.mcu.externaltools.gnu-tools-for-stm32.12.3.rel1.linux64_1.1.0.202410170702/tools/bin/../lib/gcc/arm-none-eabi/12.3.1/../../../../arm-none-eabi/lib/thumb/v7e-m+fp/hard/libc_nano.a(libc_a-writer.o)
 .ARM.attributes
                0x0000065b       0x34 /home/esqflowne/stmide/plugins/com.st.stm32cube.ide.mcu.externaltools.gnu-tools-for-stm32.12.3.rel1.linux64_1.1.0.202410170702/tools/bin/../lib/gcc/arm-none-eabi/12.3.1/../../../../arm-none-eabi/lib/thumb/v7e-m+fp/hard/libc_nano.a(libc_a-errno.o)
 .ARM.attributes
                0x0000068f       0x34 /home/esqflowne/stmide/plugins/com.st.stm32cube.ide.mcu.externaltools.gnu-tools-for-stm32.12.3.rel1.linux64_1.1.0.202410170702/tools/bin/../lib/gcc/arm-none-eabi/12.3.1/../../../../arm-none-eabi/lib/thumb/v7e-m+fp/hard/libc_nano.a(libc_a-init.o)
 .ARM.attributes
                0x000006c3       0x34 /home/esqflowne/stmide/plugins/com.st.stm32cube.ide.mcu.externaltools.gnu-tools-for-stm32.12.3.rel1.linux64_1.1.0.202410170702/tools/bin/../lib/gcc/arm-none-eabi/12.3.1/../../../../arm-none-eabi/lib/thumb/v7e-m+fp/hard/libc_nano.a(libc_a-lock.o)
 .ARM.attributes
                0x000006f7       0x34 /home/esqflowne/stmide/plugins/com.st.stm32cube.ide.mcu.externaltools.gnu-tools-for-stm32.12.3.rel1.linux64_1.1.0.202410170702/tools/bin/../lib/gcc/arm-none-eabi/12.3.1/../../../../arm-none-eabi/lib/thumb/v7e-m+fp/hard/libc_nano.a(libc_a-freer.o)
 .ARM.attributes
                0x0000072b       0x34 /home/esqflowne/stmide/plugins/com.st.stm32cube.ide.mcu.externaltools.gnu-tools-for-stm32.12.3.rel1.linux64_1.1.0.202410170702/tools/bin/../lib/gcc/arm-none-eabi/12.3.1/../../../../arm-none-eabi/lib/thumb/v7e-m+fp/hard/libc_nano.a(libc_a-mallocr.o)
 .ARM.attributes
                0x0000075f       0x34 /home/esqflowne/stmide/plugins/com.st.stm32cube.ide.mcu.externaltools.gnu-tools-for-stm32.12.3.rel1.linux64_1.1.0.202410170702/tools/bin/../lib/gcc/arm-none-eabi/12.3.1/../../../../arm-none-eabi/lib/thumb/v7e-m+fp/hard/libc_nano.a(libc_a-mlock.o)
 .ARM.attributes
                0x00000793       0x34 /home/esqflowne/stmide/plugins/com.st.stm32cube.ide.mcu.externaltools.gnu-tools-for-stm32.12.3.rel1.linux64_1.1.0.202410170702/tools/bin/../lib/gcc/arm-none-eabi/12.3.1/../../../../arm-none-eabi/lib/thumb/v7e-m+fp/hard/libc_nano.a(libc_a-fflush.o)
 .ARM.attributes
                0x000007c7       0x34 /home/esqflowne/stmide/plugins/com.st.stm32cube.ide.mcu.externaltools.gnu-tools-for-stm32.12.3.rel1.linux64_1.1.0.202410170702/tools/bin/../lib/gcc/arm-none-eabi/12.3.1/../../../../arm-none-eabi/lib/thumb/v7e-m+fp/hard/libc_nano.a(libc_a-makebuf.o)
 .ARM.attributes
                0x000007fb       0x34 /home/esqflowne/stmide/plugins/com.st.stm32cube.ide.mcu.externaltools.gnu-tools-for-stm32.12.3.rel1.linux64_1.1.0.202410170702/tools/bin/../lib/gcc/arm-none-eabi/12.3.1/../../../../arm-none-eabi/lib/thumb/v7e-m+fp/hard/libc_nano.a(libc_a-fstatr.o)
 .ARM.attributes
                0x0000082f       0x34 /home/esqflowne/stmide/plugins/com.st.stm32cube.ide.mcu.externaltools.gnu-tools-for-stm32.12.3.rel1.linux64_1.1.0.202410170702/tools/bin/../lib/gcc/arm-none-eabi/12.3.1/../../../../arm-none-eabi/lib/thumb/v7e-m+fp/hard/libc_nano.a(libc_a-isattyr.o)
 .ARM.attributes
                0x00000863       0x34 /home/esqflowne/stmide/plugins/com.st.stm32cube.ide.mcu.externaltools.gnu-tools-for-stm32.12.3.rel1.linux64_1.1.0.202410170702/tools/bin/../lib/gcc/arm-none-eabi/12.3.1/../../../../arm-none-eabi/lib/thumb/v7e-m+fp/hard/libc_nano.a(libc_a-sbrkr.o)
 .ARM.attributes
                0x00000897       0x22 /home/esqflowne/stmide/plugins/com.st.stm32cube.ide.mcu.externaltools.gnu-tools-for-stm32.12.3.rel1.linux64_1.1.0.202410170702/tools/bin/../lib/gcc/arm-none-eabi/12.3.1/thumb/v7e-m+fp/hard/libgcc.a(_aeabi_uldivmod.o)
 .ARM.attributes
                0x000008b9       0x34 /home/esqflowne/stmide/plugins/com.st.stm32cube.ide.mcu.externaltools.gnu-tools-for-stm32.12.3.rel1.linux64_1.1.0.202410170702/tools/bin/../lib/gcc/arm-none-eabi/12.3.1/thumb/v7e-m+fp/hard/libgcc.a(_udivmoddi4.o)
 .ARM.attributes
                0x000008ed       0x22 /home/esqflowne/stmide/plugins/com.st.stm32cube.ide.mcu.externaltools.gnu-tools-for-stm32.12.3.rel1.linux64_1.1.0.202410170702/tools/bin/../lib/gcc/arm-none-eabi/12.3.1/thumb/v7e-m+fp/hard/libgcc.a(_dvmd_tls.o)
 .ARM.attributes
                0x0000090f       0x22 /home/esqflowne/stmide/plugins/com.st.stm32cube.ide.mcu.externaltools.gnu-tools-for-stm32.12.3.rel1.linux64_1.1.0.202410170702/tools/bin/../lib/gcc/arm-none-eabi/12.3.1/thumb/v7e-m+fp/hard/crtn.o
OUTPUT(oledControl.elf elf32-littlearm)
LOAD linker stubs
LOAD /home/esqflowne/stmide/plugins/com.st.stm32cube.ide.mcu.externaltools.gnu-tools-for-stm32.12.3.rel1.linux64_1.1.0.202410170702/tools/bin/../lib/gcc/arm-none-eabi/12.3.1/../../../../arm-none-eabi/lib/thumb/v7e-m+fp/hard/libc.a
LOAD /home/esqflowne/stmide/plugins/com.st.stm32cube.ide.mcu.externaltools.gnu-tools-for-stm32.12.3.rel1.linux64_1.1.0.202410170702/tools/bin/../lib/gcc/arm-none-eabi/12.3.1/../../../../arm-none-eabi/lib/thumb/v7e-m+fp/hard/libm.a
LOAD /home/esqflowne/stmide/plugins/com.st.stm32cube.ide.mcu.externaltools.gnu-tools-for-stm32.12.3.rel1.linux64_1.1.0.202410170702/tools/bin/../lib/gcc/arm-none-eabi/12.3.1/thumb/v7e-m+fp/hard/libgcc.a

.debug_info     0x00000000     0xbee8
 .debug_info    0x00000000      0x332 ./Core/Src/game.o
 .debug_info    0x00000332     0x109d ./Core/Src/main.o
 .debug_info    0x000013cf      0x3c8 ./Core/Src/render.o
 .debug_info    0x00001797      0xc4d ./Core/Src/stm32f4xx_hal_msp.o
 .debug_info    0x000023e4      0x112 ./Core/Src/stm32f4xx_it.o
 .debug_info    0x000024f6      0x6a3 ./Core/Src/syscalls.o
 .debug_info    0x00002b99      0x168 ./Core/Src/sysmem.o
 .debug_info    0x00002d01      0x53e ./Core/Src/system_stm32f4xx.o
 .debug_info    0x0000323f       0x30 ./Core/Startup/startup_stm32f401retx.o
 .debug_info    0x0000326f       0xd2 ./Core/sprites/sprites.o
 .debug_info    0x00003341     0x1290 ./Drivers/OLED/ssd1306.o
 .debug_info    0x000045d1      0x8bb ./Drivers/STM32F4xx_HAL_Driver/Src/stm32f4xx_hal.o
 .debug_info    0x00004e8c      0xcf6 ./Drivers/STM32F4xx_HAL_Driver/Src/stm32f4xx_hal_cortex.o
 .debug_info    0x00005b82      0x6f9 ./Drivers/STM32F4xx_HAL_Driver/Src/stm32f4xx_hal_gpio.o
 .debug_info    0x0000627b     0x2426 ./Drivers/STM32F4xx_HAL_Driver/Src/stm32f4xx_hal_i2c.o
 .debug_info    0x000086a1      0x8f1 ./Drivers/STM32F4xx_HAL_Driver/Src/stm32f4xx_hal_rcc.o
 .debug_info    0x00008f92     0x2f56 ./Drivers/STM32F4xx_HAL_Driver/Src/stm32f4xx_hal_uart.o

.debug_abbrev   0x00000000     0x1ec8
 .debug_abbrev  0x00000000      0x13c ./Core/Src/game.o
 .debug_abbrev  0x0000013c      0x29f ./Core/Src/main.o
 .debug_abbrev  0x000003db      0x174 ./Core/Src/render.o
 .debug_abbrev  0x0000054f      0x1c1 ./Core/Src/stm32f4xx_hal_msp.o
 .debug_abbrev  0x00000710       0x73 ./Core/Src/stm32f4xx_it.o
 .debug_abbrev  0x00000783      0x1b6 ./Core/Src/syscalls.o
 .debug_abbrev  0x00000939       0xbc ./Core/Src/sysmem.o
 .debug_abbrev  0x000009f5      0x11a ./Core/Src/system_stm32f4xx.o
 .debug_abbrev  0x00000b0f       0x24 ./Core/Startup/startup_stm32f401retx.o
 .debug_abbrev  0x00000b33       0x7c ./Core/sprites/sprites.o
 .debug_abbrev  0x00000baf      0x351 ./Drivers/OLED/ssd1306.o
 .debug_abbrev  0x00000f00      0x24b ./Drivers/STM32F4xx_HAL_Driver/Src/stm32f4xx_hal.o
 .debug_abbrev  0x0000114b      0x31d ./Drivers/STM32F4xx_HAL_Driver/Src/stm32f4xx_hal_cortex.o
 .debug_abbrev  0x00001468      0x1d3 ./Drivers/STM32F4xx_HAL_Driver/Src/stm32f4xx_hal_gpio.o
 .debug_abbrev  0x0000163b      0x2bc ./Drivers/STM32F4xx_HAL_Driver/Src/stm32f4xx_hal_i2c.o
 .debug_abbrev  0x000018f7      0x2b6 ./Drivers/STM32F4xx_HAL_Driver/Src/stm32f4xx_hal_rcc.o
 .debug_abbrev  0x00001bad      0x31b ./Drivers/STM32F4xx_HAL_Driver/Src/stm32f4xx_hal_uart.o

.debug_aranges  0x00000000      0xb70
 .debug_aranges
                0x00000000       0x78 ./Core/Src/game.o
 .debug_aranges
                0x00000078       0x48 ./Core/Src/main.o
 .debug_aranges
                0x000000c0       0x48 ./Core/Src/render.o
 .debug_aranges
                0x00000108       0x40 ./Core/Src/stm32f4xx_hal_msp.o
 .debug_aranges
                0x00000148       0x60 ./Core/Src/stm32f4xx_it.o
 .debug_aranges
                0x000001a8       0xa8 ./Core/Src/syscalls.o
 .debug_aranges
                0x00000250       0x20 ./Core/Src/sysmem.o
 .debug_aranges
                0x00000270       0x28 ./Core/Src/system_stm32f4xx.o
 .debug_aranges
                0x00000298       0x28 ./Core/Startup/startup_stm32f401retx.o
 .debug_aranges
                0x000002c0       0x18 ./Core/sprites/sprites.o
 .debug_aranges
                0x000002d8       0xe8 ./Drivers/OLED/ssd1306.o
 .debug_aranges
                0x000003c0       0xf0 ./Drivers/STM32F4xx_HAL_Driver/Src/stm32f4xx_hal.o
 .debug_aranges
                0x000004b0      0x130 ./Drivers/STM32F4xx_HAL_Driver/Src/stm32f4xx_hal_cortex.o
 .debug_aranges
                0x000005e0       0x58 ./Drivers/STM32F4xx_HAL_Driver/Src/stm32f4xx_hal_gpio.o
 .debug_aranges
                0x00000638      0x2a8 ./Drivers/STM32F4xx_HAL_Driver/Src/stm32f4xx_hal_i2c.o
 .debug_aranges
                0x000008e0       0x88 ./Drivers/STM32F4xx_HAL_Driver/Src/stm32f4xx_hal_rcc.o
 .debug_aranges
                0x00000968      0x208 ./Drivers/STM32F4xx_HAL_Driver/Src/stm32f4xx_hal_uart.o

.debug_rnglists
                0x00000000      0x8ca
 .debug_rnglists
                0x00000000       0x55 ./Core/Src/game.o
 .debug_rnglists
                0x00000055       0x34 ./Core/Src/main.o
 .debug_rnglists
                0x00000089       0x32 ./Core/Src/render.o
 .debug_rnglists
                0x000000bb       0x2d ./Core/Src/stm32f4xx_hal_msp.o
 .debug_rnglists
                0x000000e8       0x43 ./Core/Src/stm32f4xx_it.o
 .debug_rnglists
                0x0000012b       0x79 ./Core/Src/syscalls.o
 .debug_rnglists
                0x000001a4       0x13 ./Core/Src/sysmem.o
 .debug_rnglists
                0x000001b7       0x1a ./Core/Src/system_stm32f4xx.o
 .debug_rnglists
                0x000001d1       0x19 ./Core/Startup/startup_stm32f401retx.o
 .debug_rnglists
                0x000001ea       0xb4 ./Drivers/OLED/ssd1306.o
 .debug_rnglists
                0x0000029e       0xaf ./Drivers/STM32F4xx_HAL_Driver/Src/stm32f4xx_hal.o
 .debug_rnglists
                0x0000034d       0xe0 ./Drivers/STM32F4xx_HAL_Driver/Src/stm32f4xx_hal_cortex.o
 .debug_rnglists
                0x0000042d       0x3f ./Drivers/STM32F4xx_HAL_Driver/Src/stm32f4xx_hal_gpio.o
 .debug_rnglists
                0x0000046c      0x23c ./Drivers/STM32F4xx_HAL_Driver/Src/stm32f4xx_hal_i2c.o
 .debug_rnglists
                0x000006a8       0x66 ./Drivers/STM32F4xx_HAL_Driver/Src/stm32f4xx_hal_rcc.o
 .debug_rnglists
                0x0000070e      0x1bc ./Drivers/STM32F4xx_HAL_Driver/Src/stm32f4xx_hal_uart.o

.debug_macro    0x00000000    0x16fa7
 .debug_macro   0x00000000       0x1a ./Core/Src/game.o
 .debug_macro   0x0000001a      0xab4 ./Core/Src/game.o
 .debug_macro   0x00000ace       0x46 ./Core/Src/game.o
 .debug_macro   0x00000b14      0x309 ./Core/Src/main.o
 .debug_macro   0x00000e1d      0x29b ./Core/Src/main.o
 .debug_macro   0x000010b8       0x2e ./Core/Src/main.o
 .debug_macro   0x000010e6       0x28 ./Core/Src/main.o
 .debug_macro   0x0000110e       0x22 ./Core/Src/main.o
 .debug_macro   0x00001130       0x8e ./Core/Src/main.o
 .debug_macro   0x000011be       0x51 ./Core/Src/main.o
 .debug_macro   0x0000120f      0x103 ./Core/Src/main.o
 .debug_macro   0x00001312       0x6a ./Core/Src/main.o
 .debug_macro   0x0000137c      0x1df ./Core/Src/main.o
 .debug_macro   0x0000155b       0x1c ./Core/Src/main.o
 .debug_macro   0x00001577       0x22 ./Core/Src/main.o
 .debug_macro   0x00001599       0xfb ./Core/Src/main.o
 .debug_macro   0x00001694     0x1011 ./Core/Src/main.o
 .debug_macro   0x000026a5      0x11f ./Core/Src/main.o
 .debug_macro   0x000027c4     0xb86c ./Core/Src/main.o
 .debug_macro   0x0000e030       0x6d ./Core/Src/main.o
 .debug_macro   0x0000e09d     0x369a ./Core/Src/main.o
 .debug_macro   0x00011737      0x189 ./Core/Src/main.o
 .debug_macro   0x000118c0       0x5c ./Core/Src/main.o
 .debug_macro   0x0001191c      0x416 ./Core/Src/main.o
 .debug_macro   0x00011d32      0x9e9 ./Core/Src/main.o
 .debug_macro   0x0001271b      0x115 ./Core/Src/main.o
 .debug_macro   0x00012830       0xf8 ./Core/Src/main.o
 .debug_macro   0x00012928       0xa5 ./Core/Src/main.o
 .debug_macro   0x000129cd      0x15f ./Core/Src/main.o
 .debug_macro   0x00012b2c      0x287 ./Core/Src/main.o
 .debug_macro   0x00012db3       0x5f ./Core/Src/main.o
 .debug_macro   0x00012e12      0x236 ./Core/Src/main.o
 .debug_macro   0x00013048      0x132 ./Core/Src/main.o
 .debug_macro   0x0001317a      0x264 ./Core/Src/main.o
 .debug_macro   0x000133de       0x2e ./Core/Src/main.o
 .debug_macro   0x0001340c      0x1b5 ./Core/Src/main.o
 .debug_macro   0x000135c1       0x22 ./Core/Src/main.o
 .debug_macro   0x000135e3       0xd6 ./Core/Src/main.o
 .debug_macro   0x000136b9      0x127 ./Core/Src/main.o
 .debug_macro   0x000137e0       0x85 ./Core/Src/main.o
 .debug_macro   0x00013865       0x89 ./Core/Src/main.o
 .debug_macro   0x000138ee      0x2aa ./Core/Src/main.o
 .debug_macro   0x00013b98      0x126 ./Core/Src/main.o
 .debug_macro   0x00013cbe       0x64 ./Core/Src/main.o
 .debug_macro   0x00013d22       0x61 ./Core/Src/main.o
 .debug_macro   0x00013d83       0x2a ./Core/Src/main.o
 .debug_macro   0x00013dad       0x43 ./Core/Src/main.o
 .debug_macro   0x00013df0       0x34 ./Core/Src/main.o
 .debug_macro   0x00013e24       0x16 ./Core/Src/main.o
 .debug_macro   0x00013e3a       0x35 ./Core/Src/main.o
 .debug_macro   0x00013e6f      0x369 ./Core/Src/main.o
 .debug_macro   0x000141d8       0x10 ./Core/Src/main.o
 .debug_macro   0x000141e8       0x16 ./Core/Src/main.o
 .debug_macro   0x000141fe       0x43 ./Core/Src/main.o
 .debug_macro   0x00014241       0x34 ./Core/Src/main.o
 .debug_macro   0x00014275       0x10 ./Core/Src/main.o
 .debug_macro   0x00014285       0x58 ./Core/Src/main.o
 .debug_macro   0x000142dd       0x8e ./Core/Src/main.o
 .debug_macro   0x0001436b       0x1c ./Core/Src/main.o
 .debug_macro   0x00014387      0x177 ./Core/Src/main.o
 .debug_macro   0x000144fe       0x16 ./Core/Src/main.o
 .debug_macro   0x00014514       0x16 ./Core/Src/main.o
 .debug_macro   0x0001452a      0x146 ./Core/Src/main.o
 .debug_macro   0x00014670       0x52 ./Core/Src/main.o
 .debug_macro   0x000146c2       0x40 ./Core/Src/main.o
 .debug_macro   0x00014702      0x240 ./Core/Src/render.o
 .debug_macro   0x00014942       0x28 ./Core/Src/render.o
 .debug_macro   0x0001496a      0x1e2 ./Core/Src/stm32f4xx_hal_msp.o
 .debug_macro   0x00014b4c      0x1ec ./Core/Src/stm32f4xx_it.o
 .debug_macro   0x00014d38      0x274 ./Core/Src/syscalls.o
 .debug_macro   0x00014fac       0x5b ./Core/Src/syscalls.o
 .debug_macro   0x00015007       0x94 ./Core/Src/syscalls.o
 .debug_macro   0x0001509b       0x57 ./Core/Src/syscalls.o
 .debug_macro   0x000150f2       0x10 ./Core/Src/syscalls.o
 .debug_macro   0x00015102       0x10 ./Core/Src/syscalls.o
 .debug_macro   0x00015112       0x10 ./Core/Src/syscalls.o
 .debug_macro   0x00015122       0x10 ./Core/Src/syscalls.o
 .debug_macro   0x00015132       0x1c ./Core/Src/syscalls.o
 .debug_macro   0x0001514e       0x52 ./Core/Src/syscalls.o
 .debug_macro   0x000151a0       0x22 ./Core/Src/syscalls.o
 .debug_macro   0x000151c2       0x10 ./Core/Src/syscalls.o
 .debug_macro   0x000151d2       0x52 ./Core/Src/syscalls.o
 .debug_macro   0x00015224       0xcf ./Core/Src/syscalls.o
 .debug_macro   0x000152f3       0x1c ./Core/Src/syscalls.o
 .debug_macro   0x0001530f       0x3d ./Core/Src/syscalls.o
 .debug_macro   0x0001534c       0x35 ./Core/Src/syscalls.o
 .debug_macro   0x00015381      0x12c ./Core/Src/syscalls.o
 .debug_macro   0x000154ad       0x16 ./Core/Src/syscalls.o
 .debug_macro   0x000154c3       0x16 ./Core/Src/syscalls.o
 .debug_macro   0x000154d9       0x29 ./Core/Src/syscalls.o
 .debug_macro   0x00015502       0x10 ./Core/Src/syscalls.o
 .debug_macro   0x00015512      0x242 ./Core/Src/syscalls.o
 .debug_macro   0x00015754       0x1c ./Core/Src/syscalls.o
 .debug_macro   0x00015770       0x10 ./Core/Src/syscalls.o
 .debug_macro   0x00015780      0x18a ./Core/Src/syscalls.o
 .debug_macro   0x0001590a       0x16 ./Core/Src/syscalls.o
 .debug_macro   0x00015920       0xce ./Core/Src/syscalls.o
 .debug_macro   0x000159ee       0xff ./Core/Src/sysmem.o
 .debug_macro   0x00015aed      0x23c ./Core/Src/sysmem.o
 .debug_macro   0x00015d29      0x1d3 ./Core/Src/system_stm32f4xx.o
 .debug_macro   0x00015efc       0x11 ./Core/sprites/sprites.o
 .debug_macro   0x00015f0d      0x2fe ./Drivers/OLED/ssd1306.o
 .debug_macro   0x0001620b      0x19b ./Drivers/OLED/ssd1306.o
 .debug_macro   0x000163a6       0x16 ./Drivers/OLED/ssd1306.o
 .debug_macro   0x000163bc       0x20 ./Drivers/OLED/ssd1306.o
 .debug_macro   0x000163dc      0x233 ./Drivers/STM32F4xx_HAL_Driver/Src/stm32f4xx_hal.o
 .debug_macro   0x0001660f      0x1d3 ./Drivers/STM32F4xx_HAL_Driver/Src/stm32f4xx_hal_cortex.o
 .debug_macro   0x000167e2      0x1d9 ./Drivers/STM32F4xx_HAL_Driver/Src/stm32f4xx_hal_gpio.o
 .debug_macro   0x000169bb      0x221 ./Drivers/STM32F4xx_HAL_Driver/Src/stm32f4xx_hal_i2c.o
 .debug_macro   0x00016bdc      0x1f7 ./Drivers/STM32F4xx_HAL_Driver/Src/stm32f4xx_hal_rcc.o
 .debug_macro   0x00016dd3      0x1d4 ./Drivers/STM32F4xx_HAL_Driver/Src/stm32f4xx_hal_uart.o

.debug_line     0x00000000     0xd844
 .debug_line    0x00000000      0x24a ./Core/Src/game.o
 .debug_line    0x0000024a      0xa0b ./Core/Src/main.o
 .debug_line    0x00000c55      0x8b6 ./Core/Src/render.o
 .debug_line    0x0000150b      0x713 ./Core/Src/stm32f4xx_hal_msp.o
 .debug_line    0x00001c1e      0x73a ./Core/Src/stm32f4xx_it.o
 .debug_line    0x00002358      0x7c4 ./Core/Src/syscalls.o
 .debug_line    0x00002b1c      0x495 ./Core/Src/sysmem.o
 .debug_line    0x00002fb1      0x6fc ./Core/Src/system_stm32f4xx.o
 .debug_line    0x000036ad       0x7a ./Core/Startup/startup_stm32f401retx.o
 .debug_line    0x00003727       0x3a ./Core/sprites/sprites.o
 .debug_line    0x00003761     0x10a0 ./Drivers/OLED/ssd1306.o
 .debug_line    0x00004801      0x965 ./Drivers/STM32F4xx_HAL_Driver/Src/stm32f4xx_hal.o
 .debug_line    0x00005166      0xc57 ./Drivers/STM32F4xx_HAL_Driver/Src/stm32f4xx_hal_cortex.o
 .debug_line    0x00005dbd      0xab5 ./Drivers/STM32F4xx_HAL_Driver/Src/stm32f4xx_hal_gpio.o
 .debug_line    0x00006872     0x3aab ./Drivers/STM32F4xx_HAL_Driver/Src/stm32f4xx_hal_i2c.o
 .debug_line    0x0000a31d      0xcf0 ./Drivers/STM32F4xx_HAL_Driver/Src/stm32f4xx_hal_rcc.o
 .debug_line    0x0000b00d     0x2837 ./Drivers/STM32F4xx_HAL_Driver/Src/stm32f4xx_hal_uart.o

.debug_str      0x00000000    0x8a3f8
 .debug_str     0x00000000     0x2f45 ./Core/Src/game.o
                               0x2f4a (size before relaxing)
 .debug_str     0x00002f45    0x821c0 ./Core/Src/main.o
                              0x853ea (size before relaxing)
 .debug_str     0x00085105      0x101 ./Core/Src/render.o
                              0x8149d (size before relaxing)
 .debug_str     0x00085206       0xaa ./Core/Src/stm32f4xx_hal_msp.o
                              0x816fd (size before relaxing)
 .debug_str     0x000852b0       0xc9 ./Core/Src/stm32f4xx_it.o
                              0x80e98 (size before relaxing)
 .debug_str     0x00085379     0x20bd ./Core/Src/syscalls.o
                               0x98b9 (size before relaxing)
 .debug_str     0x00087436       0x6b ./Core/Src/sysmem.o
                               0x60d1 (size before relaxing)
 .debug_str     0x000874a1       0xdb ./Core/Src/system_stm32f4xx.o
                              0x80e81 (size before relaxing)
 .debug_str     0x0008757c       0x44 ./Core/Startup/startup_stm32f401retx.o
                                 0x84 (size before relaxing)
 .debug_str     0x000875c0       0x46 ./Core/sprites/sprites.o
                               0x2ea7 (size before relaxing)
 .debug_str     0x00087606      0xc55 ./Drivers/OLED/ssd1306.o
                              0x852f5 (size before relaxing)
 .debug_str     0x0008825b      0x98c ./Drivers/STM32F4xx_HAL_Driver/Src/stm32f4xx_hal.o
                              0x818a3 (size before relaxing)
 .debug_str     0x00088be7      0x388 ./Drivers/STM32F4xx_HAL_Driver/Src/stm32f4xx_hal_cortex.o
                              0x8160d (size before relaxing)
 .debug_str     0x00088f6f      0x110 ./Drivers/STM32F4xx_HAL_Driver/Src/stm32f4xx_hal_gpio.o
                              0x80ffc (size before relaxing)
 .debug_str     0x0008907f      0xb4a ./Drivers/STM32F4xx_HAL_Driver/Src/stm32f4xx_hal_i2c.o
                              0x81e92 (size before relaxing)
 .debug_str     0x00089bc9      0x213 ./Drivers/STM32F4xx_HAL_Driver/Src/stm32f4xx_hal_rcc.o
                              0x812b5 (size before relaxing)
 .debug_str     0x00089ddc      0x61c ./Drivers/STM32F4xx_HAL_Driver/Src/stm32f4xx_hal_uart.o
                              0x81884 (size before relaxing)

.comment        0x00000000       0x43
 .comment       0x00000000       0x43 ./Core/Src/game.o
                                 0x44 (size before relaxing)
 .comment       0x00000043       0x44 ./Core/Src/main.o
 .comment       0x00000043       0x44 ./Core/Src/render.o
 .comment       0x00000043       0x44 ./Core/Src/stm32f4xx_hal_msp.o
 .comment       0x00000043       0x44 ./Core/Src/stm32f4xx_it.o
 .comment       0x00000043       0x44 ./Core/Src/syscalls.o
 .comment       0x00000043       0x44 ./Core/Src/sysmem.o
 .comment       0x00000043       0x44 ./Core/Src/system_stm32f4xx.o
 .comment       0x00000043       0x44 ./Core/sprites/sprites.o
 .comment       0x00000043       0x44 ./Drivers/OLED/ssd1306.o
 .comment       0x00000043       0x44 ./Drivers/STM32F4xx_HAL_Driver/Src/stm32f4xx_hal.o
 .comment       0x00000043       0x44 ./Drivers/STM32F4xx_HAL_Driver/Src/stm32f4xx_hal_cortex.o
 .comment       0x00000043       0x44 ./Drivers/STM32F4xx_HAL_Driver/Src/stm32f4xx_hal_gpio.o
 .comment       0x00000043       0x44 ./Drivers/STM32F4xx_HAL_Driver/Src/stm32f4xx_hal_i2c.o
 .comment       0x00000043       0x44 ./Drivers/STM32F4xx_HAL_Driver/Src/stm32f4xx_hal_rcc.o
 .comment       0x00000043       0x44 ./Drivers/STM32F4xx_HAL_Driver/Src/stm32f4xx_hal_uart.o

.debug_frame    0x00000000     0x3518
 .debug_frame   0x00000000      0x1e4 ./Core/Src/game.o
 .debug_frame   0x000001e4       0xc8 ./Core/Src/main.o
 .debug_frame   0x000002ac       0xf8 ./Core/Src/render.o
 .debug_frame   0x000003a4       0xc4 ./Core/Src/stm32f4xx_hal_msp.o
 .debug_frame   0x00000468      0x104 ./Core/Src/stm32f4xx_it.o
 .debug_frame   0x0000056c      0x2ac ./Core/Src/syscalls.o
 .debug_frame   0x00000818       0x34 ./Core/Src/sysmem.o
 .debug_frame   0x0000084c       0x58 ./Core/Src/system_stm32f4xx.o
 .debug_frame   0x000008a4      0x3e4 ./Drivers/OLED/ssd1306.o
 .debug_frame   0x00000c88      0x374 ./Drivers/STM32F4xx_HAL_Driver/Src/stm32f4xx_hal.o
 .debug_frame   0x00000ffc      0x508 ./Drivers/STM32F4xx_HAL_Driver/Src/stm32f4xx_hal_cortex.o
 .debug_frame   0x00001504      0x14c ./Drivers/STM32F4xx_HAL_Driver/Src/stm32f4xx_hal_gpio.o
 .debug_frame   0x00001650      0xc84 ./Drivers/STM32F4xx_HAL_Driver/Src/stm32f4xx_hal_i2c.o
 .debug_frame   0x000022d4      0x1f4 ./Drivers/STM32F4xx_HAL_Driver/Src/stm32f4xx_hal_rcc.o
 .debug_frame   0x000024c8      0x954 ./Drivers/STM32F4xx_HAL_Driver/Src/stm32f4xx_hal_uart.o
 .debug_frame   0x00002e1c      0x144 /home/esqflowne/stmide/plugins/com.st.stm32cube.ide.mcu.externaltools.gnu-tools-for-stm32.12.3.rel1.linux64_1.1.0.202410170702/tools/bin/../lib/gcc/arm-none-eabi/12.3.1/../../../../arm-none-eabi/lib/thumb/v7e-m+fp/hard/libc_nano.a(libc_a-findfp.o)
 .debug_frame   0x00002f60       0x34 /home/esqflowne/stmide/plugins/com.st.stm32cube.ide.mcu.externaltools.gnu-tools-for-stm32.12.3.rel1.linux64_1.1.0.202410170702/tools/bin/../lib/gcc/arm-none-eabi/12.3.1/../../../../arm-none-eabi/lib/thumb/v7e-m+fp/hard/libc_nano.a(libc_a-fwalk.o)
 .debug_frame   0x00002f94       0x3c /home/esqflowne/stmide/plugins/com.st.stm32cube.ide.mcu.externaltools.gnu-tools-for-stm32.12.3.rel1.linux64_1.1.0.202410170702/tools/bin/../lib/gcc/arm-none-eabi/12.3.1/../../../../arm-none-eabi/lib/thumb/v7e-m+fp/hard/libc_nano.a(libc_a-puts.o)
 .debug_frame   0x00002fd0       0x88 /home/esqflowne/stmide/plugins/com.st.stm32cube.ide.mcu.externaltools.gnu-tools-for-stm32.12.3.rel1.linux64_1.1.0.202410170702/tools/bin/../lib/gcc/arm-none-eabi/12.3.1/../../../../arm-none-eabi/lib/thumb/v7e-m+fp/hard/libc_nano.a(libc_a-stdio.o)
 .debug_frame   0x00003058       0x40 /home/esqflowne/stmide/plugins/com.st.stm32cube.ide.mcu.externaltools.gnu-tools-for-stm32.12.3.rel1.linux64_1.1.0.202410170702/tools/bin/../lib/gcc/arm-none-eabi/12.3.1/../../../../arm-none-eabi/lib/thumb/v7e-m+fp/hard/libc_nano.a(libc_a-wbuf.o)
 .debug_frame   0x00003098       0x2c /home/esqflowne/stmide/plugins/com.st.stm32cube.ide.mcu.externaltools.gnu-tools-for-stm32.12.3.rel1.linux64_1.1.0.202410170702/tools/bin/../lib/gcc/arm-none-eabi/12.3.1/../../../../arm-none-eabi/lib/thumb/v7e-m+fp/hard/libc_nano.a(libc_a-wsetup.o)
 .debug_frame   0x000030c4       0x20 /home/esqflowne/stmide/plugins/com.st.stm32cube.ide.mcu.externaltools.gnu-tools-for-stm32.12.3.rel1.linux64_1.1.0.202410170702/tools/bin/../lib/gcc/arm-none-eabi/12.3.1/../../../../arm-none-eabi/lib/thumb/v7e-m+fp/hard/libc_nano.a(libc_a-memset.o)
 .debug_frame   0x000030e4       0x2c /home/esqflowne/stmide/plugins/com.st.stm32cube.ide.mcu.externaltools.gnu-tools-for-stm32.12.3.rel1.linux64_1.1.0.202410170702/tools/bin/../lib/gcc/arm-none-eabi/12.3.1/../../../../arm-none-eabi/lib/thumb/v7e-m+fp/hard/libc_nano.a(libc_a-closer.o)
 .debug_frame   0x00003110       0x38 /home/esqflowne/stmide/plugins/com.st.stm32cube.ide.mcu.externaltools.gnu-tools-for-stm32.12.3.rel1.linux64_1.1.0.202410170702/tools/bin/../lib/gcc/arm-none-eabi/12.3.1/../../../../arm-none-eabi/lib/thumb/v7e-m+fp/hard/libc_nano.a(libc_a-reent.o)
 .debug_frame   0x00003148       0x2c /home/esqflowne/stmide/plugins/com.st.stm32cube.ide.mcu.externaltools.gnu-tools-for-stm32.12.3.rel1.linux64_1.1.0.202410170702/tools/bin/../lib/gcc/arm-none-eabi/12.3.1/../../../../arm-none-eabi/lib/thumb/v7e-m+fp/hard/libc_nano.a(libc_a-lseekr.o)
 .debug_frame   0x00003174       0x2c /home/esqflowne/stmide/plugins/com.st.stm32cube.ide.mcu.externaltools.gnu-tools-for-stm32.12.3.rel1.linux64_1.1.0.202410170702/tools/bin/../lib/gcc/arm-none-eabi/12.3.1/../../../../arm-none-eabi/lib/thumb/v7e-m+fp/hard/libc_nano.a(libc_a-readr.o)
 .debug_frame   0x000031a0       0x2c /home/esqflowne/stmide/plugins/com.st.stm32cube.ide.mcu.externaltools.gnu-tools-for-stm32.12.3.rel1.linux64_1.1.0.202410170702/tools/bin/../lib/gcc/arm-none-eabi/12.3.1/../../../../arm-none-eabi/lib/thumb/v7e-m+fp/hard/libc_nano.a(libc_a-writer.o)
 .debug_frame   0x000031cc       0x20 /home/esqflowne/stmide/plugins/com.st.stm32cube.ide.mcu.externaltools.gnu-tools-for-stm32.12.3.rel1.linux64_1.1.0.202410170702/tools/bin/../lib/gcc/arm-none-eabi/12.3.1/../../../../arm-none-eabi/lib/thumb/v7e-m+fp/hard/libc_nano.a(libc_a-errno.o)
 .debug_frame   0x000031ec       0x2c /home/esqflowne/stmide/plugins/com.st.stm32cube.ide.mcu.externaltools.gnu-tools-for-stm32.12.3.rel1.linux64_1.1.0.202410170702/tools/bin/../lib/gcc/arm-none-eabi/12.3.1/../../../../arm-none-eabi/lib/thumb/v7e-m+fp/hard/libc_nano.a(libc_a-init.o)
 .debug_frame   0x00003218       0xb0 /home/esqflowne/stmide/plugins/com.st.stm32cube.ide.mcu.externaltools.gnu-tools-for-stm32.12.3.rel1.linux64_1.1.0.202410170702/tools/bin/../lib/gcc/arm-none-eabi/12.3.1/../../../../arm-none-eabi/lib/thumb/v7e-m+fp/hard/libc_nano.a(libc_a-lock.o)
 .debug_frame   0x000032c8       0x38 /home/esqflowne/stmide/plugins/com.st.stm32cube.ide.mcu.externaltools.gnu-tools-for-stm32.12.3.rel1.linux64_1.1.0.202410170702/tools/bin/../lib/gcc/arm-none-eabi/12.3.1/../../../../arm-none-eabi/lib/thumb/v7e-m+fp/hard/libc_nano.a(libc_a-freer.o)
 .debug_frame   0x00003300       0x50 /home/esqflowne/stmide/plugins/com.st.stm32cube.ide.mcu.externaltools.gnu-tools-for-stm32.12.3.rel1.linux64_1.1.0.202410170702/tools/bin/../lib/gcc/arm-none-eabi/12.3.1/../../../../arm-none-eabi/lib/thumb/v7e-m+fp/hard/libc_nano.a(libc_a-mallocr.o)
 .debug_frame   0x00003350       0x30 /home/esqflowne/stmide/plugins/com.st.stm32cube.ide.mcu.externaltools.gnu-tools-for-stm32.12.3.rel1.linux64_1.1.0.202410170702/tools/bin/../lib/gcc/arm-none-eabi/12.3.1/../../../../arm-none-eabi/lib/thumb/v7e-m+fp/hard/libc_nano.a(libc_a-mlock.o)
 .debug_frame   0x00003380       0x5c /home/esqflowne/stmide/plugins/com.st.stm32cube.ide.mcu.externaltools.gnu-tools-for-stm32.12.3.rel1.linux64_1.1.0.202410170702/tools/bin/../lib/gcc/arm-none-eabi/12.3.1/../../../../arm-none-eabi/lib/thumb/v7e-m+fp/hard/libc_nano.a(libc_a-fflush.o)
 .debug_frame   0x000033dc       0x58 /home/esqflowne/stmide/plugins/com.st.stm32cube.ide.mcu.externaltools.gnu-tools-for-stm32.12.3.rel1.linux64_1.1.0.202410170702/tools/bin/../lib/gcc/arm-none-eabi/12.3.1/../../../../arm-none-eabi/lib/thumb/v7e-m+fp/hard/libc_nano.a(libc_a-makebuf.o)
 .debug_frame   0x00003434       0x2c /home/esqflowne/stmide/plugins/com.st.stm32cube.ide.mcu.externaltools.gnu-tools-for-stm32.12.3.rel1.linux64_1.1.0.202410170702/tools/bin/../lib/gcc/arm-none-eabi/12.3.1/../../../../arm-none-eabi/lib/thumb/v7e-m+fp/hard/libc_nano.a(libc_a-fstatr.o)
 .debug_frame   0x00003460       0x2c /home/esqflowne/stmide/plugins/com.st.stm32cube.ide.mcu.externaltools.gnu-tools-for-stm32.12.3.rel1.linux64_1.1.0.202410170702/tools/bin/../lib/gcc/arm-none-eabi/12.3.1/../../../../arm-none-eabi/lib/thumb/v7e-m+fp/hard/libc_nano.a(libc_a-isattyr.o)
 .debug_frame   0x0000348c       0x2c /home/esqflowne/stmide/plugins/com.st.stm32cube.ide.mcu.externaltools.gnu-tools-for-stm32.12.3.rel1.linux64_1.1.0.202410170702/tools/bin/../lib/gcc/arm-none-eabi/12.3.1/../../../../arm-none-eabi/lib/thumb/v7e-m+fp/hard/libc_nano.a(libc_a-sbrkr.o)
 .debug_frame   0x000034b8       0x2c /home/esqflowne/stmide/plugins/com.st.stm32cube.ide.mcu.externaltools.gnu-tools-for-stm32.12.3.rel1.linux64_1.1.0.202410170702/tools/bin/../lib/gcc/arm-none-eabi/12.3.1/thumb/v7e-m+fp/hard/libgcc.a(_aeabi_uldivmod.o)
 .debug_frame   0x000034e4       0x34 /home/esqflowne/stmide/plugins/com.st.stm32cube.ide.mcu.externaltools.gnu-tools-for-stm32.12.3.rel1.linux64_1.1.0.202410170702/tools/bin/../lib/gcc/arm-none-eabi/12.3.1/thumb/v7e-m+fp/hard/libgcc.a(_udivmoddi4.o)

.debug_line_str
                0x00000000       0x68
 .debug_line_str
                0x00000000       0x68 ./Core/Startup/startup_stm32f401retx.o
