../Core/Src/render.c:17:6:render_DisplayHealth	40	static
../Core/Src/render.c:22:6:render_DisplayHunger	40	static
../Core/Src/render.c:27:6:render_DisplayHappiness	40	static
../Core/Src/render.c:51:6:render_DisplaySprite	32	static
../Core/Src/render.c:56:6:render_WriteText	24	static
../Core/Src/render.c:61:6:render_DisplayKarma	24	static
../Core/Src/render.c:67:6:render_DisplayScreen	16	static
../Core/Src/render.c:76:6:render_Start	8	static
../Core/Src/render.c:80:6:render_End	8	static
../Core/Src/render.c:84:6:render_Init	8	static
